 contextify

 Timestamp is 566659a4 (Tue Dec  8 15:16:36 2015)

 Preferred load address is 10000000

 Start         Length     Name                   Class
 0001:00000000 0000025fH .text                   CODE
 0001:00000260 00000076H .text$di                CODE
 0001:000002e0 00012487H .text$mn                CODE
 0001:00012770 00000031H .text$yd                CODE
 0002:00000000 00000218H .idata$5                DATA
 0002:00000218 00000004H .00cfg                  DATA
 0002:0000021c 00000004H .CRT$XCA                DATA
 0002:00000220 00000014H .CRT$XCU                DATA
 0002:00000234 00000004H .CRT$XCZ                DATA
 0002:00000238 00000004H .CRT$XIA                DATA
 0002:0000023c 0000000cH .CRT$XIC                DATA
 0002:00000248 00000004H .CRT$XIZ                DATA
 0002:0000024c 00000004H .CRT$XPA                DATA
 0002:00000250 00000008H .CRT$XPX                DATA
 0002:00000258 00000004H .CRT$XPXA               DATA
 0002:0000025c 00000004H .CRT$XPZ                DATA
 0002:00000260 00000004H .CRT$XTA                DATA
 0002:00000264 00000004H .CRT$XTZ                DATA
 0002:00000268 00000000H .gfids$x                DATA
 0002:00000270 00005e74H .rdata                  DATA
 0002:000060e4 0000012cH .rdata$r                DATA
 0002:00006210 0000000cH .rdata$sxdata           DATA
 0002:00006220 00000010H .rdata$zETW0            DATA
 0002:00006230 00000077H .rdata$zETW1            DATA
 0002:000062a7 0000002cH .rdata$zETW2            DATA
 0002:000062d3 00000001H .rdata$zETW9            DATA
 0002:000062d4 000003bcH .rdata$zzzdbg           DATA
 0002:00006690 00000004H .rtc$IAA                DATA
 0002:00006694 00000004H .rtc$IZZ                DATA
 0002:00006698 00000004H .rtc$TAA                DATA
 0002:0000669c 00000004H .rtc$TZZ                DATA
 0002:000066a0 0000049cH .xdata$x                DATA
 0002:00006b40 00000058H .edata                  DATA
 0002:00006b98 0000003cH .idata$2                DATA
 0002:00006bd4 00000014H .idata$3                DATA
 0002:00006be8 00000218H .idata$4                DATA
 0002:00006e00 000016c2H .idata$6                DATA
 0003:00000000 000007f4H .data                   DATA
 0003:000007f4 00000078H .data$r                 DATA
 0003:00000870 0000091cH .bss                    DATA
 0004:00000000 00000058H .rsrc$01                DATA
 0004:00000060 00000180H .rsrc$02                DATA

  Address         Publics by Value              Rva+Base       Lib:Object

 0000:00000000       ___guard_fids_count        00000000     <absolute>
 0000:00000000       __except_list              00000000     <absolute>
 0000:00000000       ___guard_fids_table        00000000     <absolute>
 0000:00000003       ___safe_se_handler_count   00000003     <absolute>
 0000:00000100       ___guard_flags             00000100     <absolute>
 0000:00000000       ___ImageBase               10000000     <linker-defined>
 0001:00000000       ?TraceLoggingRegister@__vcrt_trace_logging_provider@@YAJPBU_TlgProvider_t@1@PBU_GUID@@P6GX1KE_K2PAU_EVENT_FILTER_DESCRIPTOR@@PAX@Z4@Z 10001000 f i libvcruntime:telemetry.obj
 0001:0000005d       ?TraceLoggingSetInformation@__vcrt_trace_logging_provider@@YAJPBU_TlgProvider_t@1@W4_EVENT_INFO_CLASS@@PAXK@Z 1000105d f i libvcruntime:telemetry.obj
 0001:00000088       ?TraceLoggingUnregister@__vcrt_trace_logging_provider@@YAXPBU_TlgProvider_t@1@@Z 10001088 f i libvcruntime:telemetry.obj
 0001:000000a7       ?_TlgCreateSz@__vcrt_trace_logging_provider@@YAXPAU_EVENT_DATA_DESCRIPTOR@@PBD@Z 100010a7 f i libvcruntime:telemetry.obj
 0001:000000df       ?_TlgCreateWsz@__vcrt_trace_logging_provider@@YAXPAU_EVENT_DATA_DESCRIPTOR@@PB_W@Z 100010df f i libvcruntime:telemetry.obj
 0001:00000123       ?_TlgEnableCallback@__vcrt_trace_logging_provider@@YGXPBU_GUID@@KE_K1PAU_EVENT_FILTER_DESCRIPTOR@@PAX@Z 10001123 f i libvcruntime:telemetry.obj
 0001:0000019b       ?_TlgKeywordOn@__vcrt_trace_logging_provider@@YAEPBU_TlgProvider_t@1@_K@Z 1000119b f i libvcruntime:telemetry.obj
 0001:000001d7       ?_TlgWrite@__vcrt_trace_logging_provider@@YAJPBU_TlgProvider_t@1@PBXPBU_GUID@@2IPAU_EVENT_DATA_DESCRIPTOR@@@Z 100011d7 f i libvcruntime:telemetry.obj
 0001:00000690       ?New@?$Factory@VFunctionTemplate@v8@@@imp@Nan@@SA?AV?$Local@VFunctionTemplate@v8@@@v8@@P6AXABV?$FunctionCallbackInfo@VValue@v8@@@3@@ZV?$Local@VValue@v8@@@5@V?$Local@VSignature@v8@@@5@@Z 10001690 f i contextify.obj
 0001:000007b0       ?SetNamedPropertyHandler@Nan@@YAXV?$Local@VObjectTemplate@v8@@@v8@@P6AXV?$Local@VString@v8@@@3@ABV?$PropertyCallbackInfo@VValue@v8@@@1@@ZP6AX1V?$Local@VValue@v8@@@3@2@ZP6AX1ABV?$PropertyCallbackInfo@VInteger@v8@@@1@@ZP6AX1ABV?$PropertyCallbackInfo@VBoolean@v8@@@1@@ZP6AXABV?$PropertyCallbackInfo@VArray@v8@@@1@@Z4@Z 100017b0 f i contextify.obj
 0001:000009a0       ?Wrap@ObjectWrap@Nan@@IAEXV?$Local@VObject@v8@@@v8@@@Z 100019a0 f i contextify.obj
 0001:00000a50       ?Ref@ObjectWrap@Nan@@MAEXXZ 10001a50 f i contextify.obj
 0001:00000a80       ?Unref@ObjectWrap@Nan@@MAEXXZ 10001a80 f i contextify.obj
 0001:00000b10       ?WeakCallback@ObjectWrap@Nan@@CAXABV?$WeakCallbackInfo@VObjectWrap@Nan@@@v8@@@Z 10001b10 f i contextify.obj
 0001:00000b80       ??_EObjectWrap@Nan@@UAEPAXI@Z 10001b80 f i * CIL library *:* CIL module *
 0001:00000b80       ??_GObjectWrap@Nan@@UAEPAXI@Z 10001b80 f i contextify.obj
 0001:00000c00       ??0ContextifyContext@@QAE@V?$Local@VObject@v8@@@v8@@@Z 10001c00 f i contextify.obj
 0001:00000c90       ??1ContextifyContext@@UAE@XZ 10001c90 f i contextify.obj
 0001:00000d50       ?Init@ContextifyContext@@SAXV?$Local@VObject@v8@@@v8@@@Z 10001d50 f i contextify.obj
 0001:00000ff0       ?New@ContextifyContext@@SAXABV?$FunctionCallbackInfo@VValue@v8@@@Nan@@@Z 10001ff0 f i contextify.obj
 0001:00001170       ?Run@ContextifyContext@@SAXABV?$FunctionCallbackInfo@VValue@v8@@@Nan@@@Z 10002170 f i contextify.obj
 0001:000014b0       ?GetGlobal@ContextifyContext@@SAXABV?$FunctionCallbackInfo@VValue@v8@@@Nan@@@Z 100024b0 f i contextify.obj
 0001:00001550       ??_GContextifyContext@@UAEPAXI@Z 10002550 f i contextify.obj
 0001:00001550       ??_EContextifyContext@@UAEPAXI@Z 10002550 f i * CIL library *:* CIL module *
 0001:00001570       ?Init@ContextWrap@@SAXXZ   10002570 f i contextify.obj
 0001:00001650       ?createV8Context@ContextWrap@@SA?AV?$Local@VContext@v8@@@v8@@V?$Local@VObject@v8@@@3@@Z 10002650 f i contextify.obj
 0001:00001860       ?GlobalPropertyNamedAccessCheck@ContextWrap@@CA_NV?$Local@VObject@v8@@@v8@@V?$Local@VValue@v8@@@3@W4AccessType@3@1@Z 10002860 f i contextify.obj
 0001:00001860       ?GlobalPropertyIndexedAccessCheck@ContextWrap@@CA_NV?$Local@VObject@v8@@@v8@@IW4AccessType@3@V?$Local@VValue@v8@@@3@@Z 10002860 f i contextify.obj
 0001:00001860       ___acrt_uninitialize_command_line 10002860 f i libucrt:argv_data.obj
 0001:00001870       ?GlobalPropertyGetter@ContextWrap@@CAXV?$Local@VString@v8@@@v8@@ABV?$PropertyCallbackInfo@VValue@v8@@@Nan@@@Z 10002870 f i contextify.obj
 0001:00001930       ?GlobalPropertySetter@ContextWrap@@CAXV?$Local@VString@v8@@@v8@@V?$Local@VValue@v8@@@3@ABV?$PropertyCallbackInfo@VValue@v8@@@Nan@@@Z 10002930 f i contextify.obj
 0001:000019f0       ?GlobalPropertyQuery@ContextWrap@@CAXV?$Local@VString@v8@@@v8@@ABV?$PropertyCallbackInfo@VInteger@v8@@@Nan@@@Z 100029f0 f i contextify.obj
 0001:00001b50       ?GlobalPropertyDeleter@ContextWrap@@CAXV?$Local@VString@v8@@@v8@@ABV?$PropertyCallbackInfo@VBoolean@v8@@@Nan@@@Z 10002b50 f i contextify.obj
 0001:00001c50       ?GlobalPropertyEnumerator@ContextWrap@@CAXABV?$PropertyCallbackInfo@VArray@v8@@@Nan@@@Z 10002c50 f i contextify.obj
 0001:00001d40       ?weakCallback@ContextWrap@@CAXABV?$WeakCallbackInfo@VContextWrap@@@Nan@@@Z 10002d40 f i contextify.obj
 0001:00001d50       ??_GContextWrap@@EAEPAXI@Z 10002d50 f i contextify.obj
 0001:00001d50       ??_EContextWrap@@EAEPAXI@Z 10002d50 f i * CIL library *:* CIL module *
 0001:00001dd0       ?Wrap@ContextifyContext@@QAEXV?$Local@VObject@v8@@@v8@@@Z 10002dd0 f   contextify.obj
 0001:00001e90       ?Init@ContextifyScript@@SAXV?$Local@VObject@v8@@@v8@@@Z 10002e90 f i contextify.obj
 0001:00002050       ?New@ContextifyScript@@SAXABV?$FunctionCallbackInfo@VValue@v8@@@Nan@@@Z 10003050 f i contextify.obj
 0001:000022c0       ?RunInContext@ContextifyScript@@SAXABV?$FunctionCallbackInfo@VValue@v8@@@Nan@@@Z 100032c0 f i contextify.obj
 0001:000024f0       ??1ContextifyScript@@UAE@XZ 100034f0 f i contextify.obj
 0001:00002570       ??_EContextifyScript@@UAEPAXI@Z 10003570 f i * CIL library *:* CIL module *
 0001:00002570       ??_GContextifyScript@@UAEPAXI@Z 10003570 f i contextify.obj
 0001:000025b0       __register_contextify      100035b0 f   contextify.obj
 0001:000025c0       ??$Unwrap@VContextifyScript@@@ObjectWrap@Nan@@SAPAVContextifyScript@@V?$Local@VObject@v8@@@v8@@@Z 100035c0 f i contextify.obj
 0001:000025c0       ??$Unwrap@VContextifyContext@@@ObjectWrap@Nan@@SAPAVContextifyContext@@V?$Local@VObject@v8@@@v8@@@Z 100035c0 f i contextify.obj
 0001:00002620       ?invokeparameter@?$WeakCallbackInfo@VContextWrap@@@Nan@@CAXABV?$WeakCallbackInfo@V?$WeakCallbackInfo@VContextWrap@@@Nan@@@v8@@@Z 10003620 f i contextify.obj
 0001:0000266b       @__security_check_cookie@4 1000366b f   LIBCMT:_secchk_.obj
 0001:0000267c       ??2@YAPAXI@Z               1000367c f   LIBCMT:new_scalar.obj
 0001:000026af       ??$__crt_fast_encode_pointer@PAP6AXXZ@@YAPAP6AXXZQAP6AXXZ@Z 100036af f i LIBCMT:utility.obj
 0001:000026af       ??$__crt_fast_encode_pointer@PAX@@YAPAXQAX@Z 100036af f i libvcruntime:winapi_downlevel.obj
 0001:00002710       ___scrt_acquire_startup_lock 10003710 f   LIBCMT:utility.obj
 0001:00002745       ___scrt_dllmain_after_initialize_c 10003745 f   LIBCMT:utility.obj
 0001:0000275d       ___scrt_dllmain_before_initialize_c 1000375d f   LIBCMT:utility.obj
 0001:0000276b       ___scrt_dllmain_crt_thread_attach 1000376b f   LIBCMT:utility.obj
 0001:0000278a       ___scrt_dllmain_crt_thread_detach 1000378a f   LIBCMT:utility.obj
 0001:00002797       ___scrt_dllmain_exception_filter 10003797 f   LIBCMT:utility.obj
 0001:000027ca       ___scrt_dllmain_uninitialize_c 100037ca f   LIBCMT:utility.obj
 0001:000027ed       ___scrt_dllmain_uninitialize_critical 100037ed f   LIBCMT:utility.obj
 0001:000027fa       ___scrt_initialize_crt     100037fa f   LIBCMT:utility.obj
 0001:00002833       ___scrt_initialize_onexit_tables 10003833 f   LIBCMT:utility.obj
 0001:000028ca       ___scrt_is_nonwritable_in_current_image 100038ca f   LIBCMT:utility.obj
 0001:00002957       ___scrt_release_startup_lock 10003957 f   LIBCMT:utility.obj
 0001:00002974       ___scrt_uninitialize_crt   10003974 f   LIBCMT:utility.obj
 0001:0000299c       __onexit                   1000399c f   LIBCMT:utility.obj
 0001:000029d7       _atexit                    100039d7 f   LIBCMT:utility.obj
 0001:000029ec       ??3@YAXPAXI@Z              100039ec f   LIBCMT:delete_scalar_size.obj
 0001:00002d0f       __DllMainCRTStartup@12     10003d0f f   LIBCMT:dll_dllmain.obj
 0001:00002d32       ___raise_securityfailure   10003d32 f   LIBCMT:gs_report.obj
 0001:00002d5a       ___report_gsfailure        10003d5a f   LIBCMT:gs_report.obj
 0001:00002e55       ??0bad_alloc@std@@QAE@ABV01@@Z 10003e55 f i LIBCMT:throw_bad_alloc.obj
 0001:00002e76       ??0bad_alloc@std@@QAE@XZ   10003e76 f i LIBCMT:throw_bad_alloc.obj
 0001:00002e8e       ??0bad_array_new_length@std@@QAE@ABV01@@Z 10003e8e f i LIBCMT:throw_bad_alloc.obj
 0001:00002eaf       ??0bad_array_new_length@std@@QAE@XZ 10003eaf f i LIBCMT:throw_bad_alloc.obj
 0001:00002ec7       ??0exception@std@@QAE@ABV01@@Z 10003ec7 f i LIBCMT:throw_bad_alloc.obj
 0001:00002ef3       ??1bad_array_new_length@std@@UAE@XZ 10003ef3 f i LIBCMT:throw_bad_alloc.obj
 0001:00002ef3       ??1bad_alloc@std@@UAE@XZ   10003ef3 f i LIBCMT:throw_bad_alloc.obj
 0001:00002f04       ??_Eexception@std@@UAEPAXI@Z 10003f04 f i LIBCMT:throw_bad_alloc.obj
 0001:00002f04       ??_Gexception@std@@UAEPAXI@Z 10003f04 f i LIBCMT:throw_bad_alloc.obj
 0001:00002f04       ??_Gbad_array_new_length@std@@UAEPAXI@Z 10003f04 f i LIBCMT:throw_bad_alloc.obj
 0001:00002f04       ??_Ebad_array_new_length@std@@UAEPAXI@Z 10003f04 f i LIBCMT:throw_bad_alloc.obj
 0001:00002f04       ??_Ebad_alloc@std@@UAEPAXI@Z 10003f04 f i LIBCMT:throw_bad_alloc.obj
 0001:00002f04       ??_Gbad_alloc@std@@UAEPAXI@Z 10003f04 f i LIBCMT:throw_bad_alloc.obj
 0001:00002f31       ?__scrt_throw_std_bad_alloc@@YAXXZ 10003f31 f   LIBCMT:throw_bad_alloc.obj
 0001:00002f4e       ?__scrt_throw_std_bad_array_new_length@@YAXXZ 10003f4e f   LIBCMT:throw_bad_alloc.obj
 0001:00002f6b       ?what@exception@std@@UBEPBDXZ 10003f6b f i LIBCMT:throw_bad_alloc.obj
 0001:00002f78       ___isa_available_init      10003f78 f   LIBCMT:_cpu_disp_.obj
 0001:00003119       ___scrt_is_ucrt_dll_in_use 10004119 f   LIBCMT:ucrt_detection.obj
 0001:00003125       ___scrt_fastfail           10004125 f   LIBCMT:utility_desktop.obj
 0001:00003240       __crt_debugger_hook        10004240 f   LIBCMT:utility_desktop.obj
 0001:00003248       @_guard_check_icall@4      10004248 f i LIBCMT:checkcfg.obj
 0001:00003250       __SEH_prolog4              10004250 f   LIBCMT:_sehprolg4_.obj
 0001:00003296       __SEH_epilog4              10004296 f   LIBCMT:_sehprolg4_.obj
 0001:000032ab       ??3@YAXPAX@Z               100042ab f   LIBCMT:delete_scalar.obj
 0001:000032b0       ___security_init_cookie    100042b0 f   LIBCMT:gs_support.obj
 0001:0000334c       _DllMain@12                1000434c f   LIBCMT:dll_dllmain_stub.obj
 0001:00003352       ?__scrt_initialize_type_info@@YAXXZ 10004352 f   LIBCMT:tncleanup.obj
 0001:0000335e       ?__scrt_uninitialize_type_info@@YAXXZ 1000435e f   LIBCMT:tncleanup.obj
 0001:0000336a       ___local_stdio_printf_options 1000436a f i LIBCMT:default_local_stdio_options.obj
 0001:00003370       ___local_stdio_scanf_options 10004370 f i LIBCMT:default_local_stdio_options.obj
 0001:00003376       ___scrt_initialize_default_local_stdio_options 10004376 f   LIBCMT:default_local_stdio_options.obj
 0001:00003393       ___scrt_get_dyn_tls_init_callback 10004393 f   LIBCMT:dyn_tls_init.obj
 0001:00003399       __RTC_Initialize           10004399 f   LIBCMT:_initsect_.obj
 0001:000033c4       __RTC_Terminate            100043c4 f   LIBCMT:_initsect_.obj
 0001:000033ef       ??_Gtype_info@@UAEPAXI@Z   100043ef f i LIBCMT:std_type_info_static.obj
 0001:000033ef       ??_Etype_info@@UAEPAXI@Z   100043ef f i LIBCMT:std_type_info_static.obj
 0001:00003412       ___vcrt_initialize         10004412 f   libvcruntime:initialization.obj
 0001:00003440       ___vcrt_thread_attach      10004440 f   libvcruntime:initialization.obj
 0001:0000344b       ___vcrt_thread_detach      1000444b f   libvcruntime:initialization.obj
 0001:00003456       ___vcrt_uninitialize       10004456 f   libvcruntime:initialization.obj
 0001:0000347a       ___vcrt_uninitialize_critical 1000447a f   libvcruntime:initialization.obj
 0001:000034d0       __except_handler4          100044d0 f   libvcruntime:_chandler4_.obj
 0001:00003664       ___telemetry_main_invoke_trigger 10004664 f   libvcruntime:telemetry.obj
 0001:00003700       ___telemetry_main_return_trigger 10004700 f   libvcruntime:telemetry.obj
 0001:0000379c       ___vcrt_initialize_telemetry_provider 1000479c f   libvcruntime:telemetry.obj
 0001:000037af       ___vcrt_uninitialize_telemetry_provider 100047af f   libvcruntime:telemetry.obj
 0001:000037bb       ___std_exception_copy      100047bb f   libvcruntime:std_exception.obj
 0001:0000381e       ___std_exception_destroy   1000481e f   libvcruntime:std_exception.obj
 0001:0000383d       __CxxThrowException@8      1000483d f   libvcruntime:throw.obj
 0001:000038b0       _memset                    100048b0 f   libvcruntime:memset.obj
 0001:00003a0a       ___std_type_info_destroy_list 10004a0a f   libvcruntime:std_type_info.obj
 0001:00003a2d       ___vcrt_freefls@4          10004a2d f   libvcruntime:per_thread_data.obj
 0001:00003a49       ___vcrt_freeptd            10004a49 f   libvcruntime:per_thread_data.obj
 0001:00003a7f       ___vcrt_getptd_noexit      10004a7f f   libvcruntime:per_thread_data.obj
 0001:00003af7       ___vcrt_initialize_ptd     10004af7 f   libvcruntime:per_thread_data.obj
 0001:00003b2a       ___vcrt_uninitialize_ptd   10004b2a f   libvcruntime:per_thread_data.obj
 0001:00003b45       ___vcrt_initialize_locks   10004b45 f   libvcruntime:locks.obj
 0001:00003b81       ___vcrt_uninitialize_locks 10004b81 f   libvcruntime:locks.obj
 0001:00003cd1       ___vcrt_EventRegister      10004cd1 f   libvcruntime:winapi_downlevel.obj
 0001:00003d11       ___vcrt_EventSetInformation 10004d11 f   libvcruntime:winapi_downlevel.obj
 0001:00003d54       ___vcrt_EventUnregister    10004d54 f   libvcruntime:winapi_downlevel.obj
 0001:00003d8e       ___vcrt_EventWriteTransfer 10004d8e f   libvcruntime:winapi_downlevel.obj
 0001:00003dd7       ___vcrt_FlsAlloc           10004dd7 f   libvcruntime:winapi_downlevel.obj
 0001:00003e11       ___vcrt_FlsFree            10004e11 f   libvcruntime:winapi_downlevel.obj
 0001:00003e4b       ___vcrt_FlsGetValue        10004e4b f   libvcruntime:winapi_downlevel.obj
 0001:00003e85       ___vcrt_FlsSetValue        10004e85 f   libvcruntime:winapi_downlevel.obj
 0001:00003ec2       ___vcrt_InitializeCriticalSectionEx 10004ec2 f   libvcruntime:winapi_downlevel.obj
 0001:00003f08       ___vcrt_initialize_winapi_thunks 10004f08 f   libvcruntime:winapi_downlevel.obj
 0001:00003f2c       ___vcrt_uninitialize_winapi_thunks 10004f2c f   libvcruntime:winapi_downlevel.obj
 0001:00003f5e       ___vcrt_initialize_pure_virtual_call_handler 10004f5e f   libvcruntime:purevirt_data.obj
 0001:00003f80       __local_unwind4            10004f80 f   libvcruntime:_exsup4_.obj
 0001:00004056       __seh_longjmp_unwind4@4    10005056 f   libvcruntime:_exsup4_.obj
 0001:0000407e       @_EH4_CallFilterFunc@8     1000507e f   libvcruntime:_exsup4_.obj
 0001:00004095       @_EH4_TransferToHandler@8  10005095 f   libvcruntime:_exsup4_.obj
 0001:000040ae       @_EH4_GlobalUnwind2@8      100050ae f   libvcruntime:_exsup4_.obj
 0001:000040c7       @_EH4_LocalUnwind@16       100050c7 f   libvcruntime:_exsup4_.obj
 0001:000040de       ___except_validate_context_record 100050de f   libvcruntime:jbcxrval.obj
 0001:000040de       ___except_validate_jump_buffer 100050de f   libvcruntime:jbcxrval.obj
 0001:000040de       @_guard_check_icall_nop@4  100050de f   LIBCMT:guard_support.obj
 0001:000040e0       __global_unwind2           100050e0 f   libvcruntime:_exsup_.obj
 0001:00004145       __local_unwind2            10005145 f   libvcruntime:_exsup_.obj
 0001:000041c9       __abnormal_termination     100051c9 f   libvcruntime:_exsup_.obj
 0001:000041ec       __NLG_Notify1              100051ec f   libvcruntime:_exsup_.obj
 0001:000041f5       __NLG_Notify               100051f5 f   libvcruntime:_exsup_.obj
 0001:0000420c       __NLG_Dispatch             1000520c     libvcruntime:_exsup_.obj
 0001:0000420c       __NLG_Dispatch2            1000520c     libvcruntime:_exsup_.obj
 0001:00004214       __NLG_Call                 10005214 f   libvcruntime:_exsup_.obj
 0001:00004216       __NLG_Return2              10005216     libvcruntime:_exsup_.obj
 0001:0000487b       ??$ftprintf@PAU_iobuf@@PB_WABQB_WABQB_WABI@?$__crt_char_traits@_W@@SAH$$QAPAU_iobuf@@$$QAPB_WABQB_W2ABI@Z 1000587b f i libucrt:assert.obj
 0001:0000495a       __vfwprintf_l              1000595a f i libucrt:assert.obj
 0001:0000497f       __vswprintf_c_l            1000597f f i libucrt:assert.obj
 0001:000049ae       __wassert                  100059ae f   libucrt:assert.obj
 0001:000049f6       _fwprintf                  100059f6 f i libucrt:assert.obj
 0001:00004a92       _swprintf                  10005a92 f i libucrt:assert.obj
 0001:00004ab0       ??0_LocaleUpdate@@QAE@QAU__crt_locale_pointers@@@Z 10005ab0 f i libucrt:stricmp.obj
 0001:00004b33       ___acrt_initialize_new_handler 10005b33 f   libucrt:new_handler.obj
 0001:00004b47       __callnewh                 10005b47 f   libucrt:new_handler.obj
 0001:00004b8b       __query_new_handler        10005b8b f   libucrt:new_handler.obj
 0001:00004bdd       _malloc                    10005bdd f   libucrt:malloc.obj
 0001:00004be8       __seh_filter_dll           10005be8 f   libucrt:exception_filter.obj
 0001:00004c08       __seh_filter_exe           10005c08 f   libucrt:exception_filter.obj
 0001:00004f96       ___acrt_initialize_thread_local_exit_callback 10005f96 f   libucrt:exit.obj
 0001:00004fa5       __cexit                    10005fa5 f   libucrt:exit.obj
 0001:00004fb4       __exit                     10005fb4 f   libucrt:exit.obj
 0001:00004fca       __is_c_termination_complete 10005fca f   libucrt:exit.obj
 0001:00005129       ??$uninitialize@A6AXAAPAPAD@Z@?$dual_state_global@PAPAD@__crt_state_management@@QAEXA6AXAAPAPAD@Z@Z 10006129 f i libucrt:environment_initialization.obj
 0001:00005129       ??$uninitialize@A6AXAAPAPA_W@Z@?$dual_state_global@PAPA_W@__crt_state_management@@QAEXA6AXAAPAPA_W@Z@Z 10006129 f i libucrt:environment_initialization.obj
 0001:0000519f       ___dcrt_uninitialize_environments_nolock 1000619f f   libucrt:environment_initialization.obj
 0001:000051d6       __initialize_narrow_environment 100061d6 f   libucrt:environment_initialization.obj
 0001:000051db       ??$?RV<lambda_800076c951b434888f4765a74a194fcc>@@AAV<lambda_4e60a939b0d047cfe11ddc22648dfba9>@@V<lambda_6dbb1268764f43b569ce7b67e331d33a>@@@?$__crt_seh_guarded_call@H@@QAEH$$QAV<lambda_800076c951b434888f4765a74a194fcc>@@AAV<lambda_4e60a939b0d047cfe11ddc22648dfba9>@@$$QAV<lambda_6dbb1268764f43b569ce7b67e331d33a>@@@Z 100061db f i libucrt:onexit.obj
 0001:0000522c       ??$?RV<lambda_995298e7d72eb4c2aab26c0585b3abe5>@@AAV<lambda_275893d493268fdec8709772e3fcec0e>@@V<lambda_293819299cbf9a7022e18b56a874bb5c>@@@?$__crt_seh_guarded_call@H@@QAEH$$QAV<lambda_995298e7d72eb4c2aab26c0585b3abe5>@@AAV<lambda_275893d493268fdec8709772e3fcec0e>@@$$QAV<lambda_293819299cbf9a7022e18b56a874bb5c>@@@Z 1000622c f i libucrt:onexit.obj
 0001:0000527d       ??$__acrt_lock_and_call@V<lambda_275893d493268fdec8709772e3fcec0e>@@@@YAHW4__acrt_lock_id@@$$QAV<lambda_275893d493268fdec8709772e3fcec0e>@@@Z 1000627d f i libucrt:onexit.obj
 0001:000052a5       ??$__acrt_lock_and_call@V<lambda_4e60a939b0d047cfe11ddc22648dfba9>@@@@YAHW4__acrt_lock_id@@$$QAV<lambda_4e60a939b0d047cfe11ddc22648dfba9>@@@Z 100062a5 f i libucrt:onexit.obj
 0001:000052cd       ??$__crt_fast_encode_pointer@P6AHXZ@@YAP6AHXZQ6AHXZ@Z 100062cd f i libucrt:onexit.obj
 0001:0000554d       __crt_atexit               1000654d f   libucrt:onexit.obj
 0001:00005563       __execute_onexit_table     10006563 f   libucrt:onexit.obj
 0001:00005580       __initialize_onexit_table  10006580 f   libucrt:onexit.obj
 0001:000055bd       __register_onexit_function 100065bd f   libucrt:onexit.obj
 0001:000056d2       ___acrt_initialize         100066d2 f   libucrt:initialization.obj
 0001:000056e4       ___acrt_thread_attach      100066e4 f   libucrt:initialization.obj
 0001:000056ef       ___acrt_thread_detach      100066ef f   libucrt:initialization.obj
 0001:000056f7       ___acrt_uninitialize       100066f7 f   libucrt:initialization.obj
 0001:00005709       ___acrt_uninitialize_critical 10006709 f   libucrt:initialization.obj
 0001:0000571b       __initterm                 1000671b f   libucrt:initterm.obj
 0001:00005777       __initterm_e               10006777 f   libucrt:initterm.obj
 0001:000057bc       _terminate                 100067bc f   libucrt:terminate.obj
 0001:000057f8       _free                      100067f8 f   libucrt:free.obj
 0001:000057fd       _strcpy_s                  100067fd f   libucrt:strcpy_s.obj
 0001:00005857       __free_base                10006857 f   libucrt:free_base.obj
 0001:00005891       __malloc_base              10006891 f   libucrt:malloc_base.obj
 0001:000058df       _abort                     100068df f   libucrt:abort.obj
 0001:00005922       __calloc_base              10006922 f   libucrt:calloc_base.obj
 0001:0000597f       ??$?RV<lambda_ab9923ffb5d694ec0d78876dd103e44f>@@AAV<lambda_481dd5778c961fbcd3b60b650e9b9dc4>@@V<lambda_7923d86c9e3f319b415918ec4b39749c>@@@?$__crt_seh_guarded_call@H@@QAEH$$QAV<lambda_ab9923ffb5d694ec0d78876dd103e44f>@@AAV<lambda_481dd5778c961fbcd3b60b650e9b9dc4>@@$$QAV<lambda_7923d86c9e3f319b415918ec4b39749c>@@@Z 1000697f f i libucrt:output.obj
 0001:000059d0       ??$__acrt_lock_stream_and_call@V<lambda_481dd5778c961fbcd3b60b650e9b9dc4>@@@@YAHQAU_iobuf@@$$QAV<lambda_481dd5778c961fbcd3b60b650e9b9dc4>@@@Z 100069d0 f i libucrt:output.obj
 0001:00005b7d       ??$count@D@formatting_buffer@__crt_stdio_output@@QBEIXZ 10006b7d f i libucrt:output.obj
 0001:00005b95       ??$ensure_buffer_is_big_enough@D@formatting_buffer@__crt_stdio_output@@QAE_NI@Z 10006b95 f i libucrt:output.obj
 0001:00005c1b       ??$is_wide_character_specifier@_W@__crt_stdio_output@@YA_N_K_WW4length_modifier@0@@Z 10006c1b f i libucrt:output.obj
 0001:00005c6a       ??$scratch_data@D@formatting_buffer@__crt_stdio_output@@QAEPADXZ 10006c6a f i libucrt:output.obj
 0001:00005c88       ??$type_case_integer_parse_into_buffer@I@?$output_processor@_WV?$string_output_adapter@_W@__crt_stdio_output@@V?$standard_base@_WV?$string_output_adapter@_W@__crt_stdio_output@@@2@@__crt_stdio_output@@AAEXII_N@Z 10006c88 f i libucrt:output.obj
 0001:00005c88       ??$type_case_integer_parse_into_buffer@I@?$output_processor@_WV?$stream_output_adapter@_W@__crt_stdio_output@@V?$standard_base@_WV?$stream_output_adapter@_W@__crt_stdio_output@@@2@@__crt_stdio_output@@AAEXII_N@Z 10006c88 f i libucrt:output.obj
 0001:00005cfd       ??$type_case_integer_parse_into_buffer@_K@?$output_processor@_WV?$stream_output_adapter@_W@__crt_stdio_output@@V?$standard_base@_WV?$stream_output_adapter@_W@__crt_stdio_output@@@2@@__crt_stdio_output@@AAEX_KI_N@Z 10006cfd f i libucrt:output.obj
 0001:00005cfd       ??$type_case_integer_parse_into_buffer@_K@?$output_processor@_WV?$string_output_adapter@_W@__crt_stdio_output@@V?$standard_base@_WV?$string_output_adapter@_W@__crt_stdio_output@@@2@@__crt_stdio_output@@AAEX_KI_N@Z 10006cfd f i libucrt:output.obj
 0001:00005d85       ??$write_multiple_characters@V?$stream_output_adapter@_W@__crt_stdio_output@@D@__crt_stdio_output@@YAXABV?$stream_output_adapter@_W@0@DHQAH@Z 10006d85 f i libucrt:output.obj
 0001:00005db6       ??$write_multiple_characters@V?$string_output_adapter@_W@__crt_stdio_output@@D@__crt_stdio_output@@YAXABV?$string_output_adapter@_W@0@DHQAH@Z 10006db6 f i libucrt:output.obj
 0001:00005de7       ??0?$common_data@_W@__crt_stdio_output@@IAE@XZ 10006de7 f i libucrt:output.obj
 0001:00005e33       ??0?$output_adapter_data@_WV?$stream_output_adapter@_W@__crt_stdio_output@@@__crt_stdio_output@@IAE@ABV?$stream_output_adapter@_W@1@_KQB_WQAU__crt_locale_pointers@@QAD@Z 10006e33 f i libucrt:output.obj
 0001:00005e33       ??0?$output_adapter_data@_WV?$string_output_adapter@_W@__crt_stdio_output@@@__crt_stdio_output@@IAE@ABV?$string_output_adapter@_W@1@_KQB_WQAU__crt_locale_pointers@@QAD@Z 10006e33 f i libucrt:output.obj
 0001:00005e6f       ??0?$output_processor@_WV?$stream_output_adapter@_W@__crt_stdio_output@@V?$standard_base@_WV?$stream_output_adapter@_W@__crt_stdio_output@@@2@@__crt_stdio_output@@QAE@ABV?$stream_output_adapter@_W@1@_KQB_WQAU__crt_locale_pointers@@QAD@Z 10006e6f f i libucrt:output.obj
 0001:00005e6f       ??0?$output_processor@_WV?$string_output_adapter@_W@__crt_stdio_output@@V?$standard_base@_WV?$string_output_adapter@_W@__crt_stdio_output@@@2@@__crt_stdio_output@@QAE@ABV?$string_output_adapter@_W@1@_KQB_WQAU__crt_locale_pointers@@QAD@Z 10006e6f f i libucrt:output.obj
 0001:00005ea4       ??1formatting_buffer@__crt_stdio_output@@QAE@XZ 10006ea4 f i libucrt:output.obj
 0001:00005ebe       ??4?$__crt_unique_heap_ptr@DU__crt_internal_free_policy@@@@QAEAAV0@$$QAV0@@Z 10006ebe f i libucrt:output.obj
 0001:00005f9f       ?crop_zeroes@__crt_stdio_output@@YAXPADQAU__crt_locale_pointers@@@Z 10006f9f f i libucrt:output.obj
 0001:00005ff6       ?find_next_state@?$output_processor@_WV?$string_output_adapter@_W@__crt_stdio_output@@V?$standard_base@_WV?$string_output_adapter@_W@__crt_stdio_output@@@2@@__crt_stdio_output@@ABE?AW4state@2@_WW432@@Z 10006ff6 f i libucrt:output.obj
 0001:00005ff6       ?find_next_state@?$output_processor@_WV?$stream_output_adapter@_W@__crt_stdio_output@@V?$standard_base@_WV?$stream_output_adapter@_W@__crt_stdio_output@@@2@@__crt_stdio_output@@ABE?AW4state@2@_WW432@@Z 10006ff6 f i libucrt:output.obj
 0001:0000602a       ?force_decimal_point@__crt_stdio_output@@YAXPADQAU__crt_locale_pointers@@@Z 1000702a f i libucrt:output.obj
 0001:00006086       ?parse_int_from_format_string@?$output_processor@_WV?$stream_output_adapter@_W@__crt_stdio_output@@V?$standard_base@_WV?$stream_output_adapter@_W@__crt_stdio_output@@@2@@__crt_stdio_output@@AAE_NQAH@Z 10007086 f i libucrt:output.obj
 0001:00006086       ?parse_int_from_format_string@?$output_processor@_WV?$string_output_adapter@_W@__crt_stdio_output@@V?$standard_base@_WV?$string_output_adapter@_W@__crt_stdio_output@@@2@@__crt_stdio_output@@AAE_NQAH@Z 10007086 f i libucrt:output.obj
 0001:000060e4       ?process@?$output_processor@_WV?$stream_output_adapter@_W@__crt_stdio_output@@V?$standard_base@_WV?$stream_output_adapter@_W@__crt_stdio_output@@@2@@__crt_stdio_output@@QAEHXZ 100070e4 f i libucrt:output.obj
 0001:00006204       ?process@?$output_processor@_WV?$string_output_adapter@_W@__crt_stdio_output@@V?$standard_base@_WV?$string_output_adapter@_W@__crt_stdio_output@@@2@@__crt_stdio_output@@QAEHXZ 10007204 f i libucrt:output.obj
 0001:00006324       ?state_case_flag@?$output_processor@_WV?$stream_output_adapter@_W@__crt_stdio_output@@V?$standard_base@_WV?$stream_output_adapter@_W@__crt_stdio_output@@@2@@__crt_stdio_output@@AAE_NXZ 10007324 f i libucrt:output.obj
 0001:00006324       ?state_case_flag@?$output_processor@_WV?$string_output_adapter@_W@__crt_stdio_output@@V?$standard_base@_WV?$string_output_adapter@_W@__crt_stdio_output@@@2@@__crt_stdio_output@@AAE_NXZ 10007324 f i libucrt:output.obj
 0001:00006361       ?state_case_normal@?$output_processor@_WV?$stream_output_adapter@_W@__crt_stdio_output@@V?$standard_base@_WV?$stream_output_adapter@_W@__crt_stdio_output@@@2@@__crt_stdio_output@@AAE_NXZ 10007361 f i libucrt:output.obj
 0001:00006380       ?state_case_normal@?$output_processor@_WV?$string_output_adapter@_W@__crt_stdio_output@@V?$standard_base@_WV?$string_output_adapter@_W@__crt_stdio_output@@@2@@__crt_stdio_output@@AAE_NXZ 10007380 f i libucrt:output.obj
 0001:0000639f       ?state_case_normal_common@?$output_processor@_WV?$stream_output_adapter@_W@__crt_stdio_output@@V?$standard_base@_WV?$stream_output_adapter@_W@__crt_stdio_output@@@2@@__crt_stdio_output@@AAE_NXZ 1000739f f i libucrt:output.obj
 0001:000063ba       ?state_case_normal_common@?$output_processor@_WV?$string_output_adapter@_W@__crt_stdio_output@@V?$standard_base@_WV?$string_output_adapter@_W@__crt_stdio_output@@@2@@__crt_stdio_output@@AAE_NXZ 100073ba f i libucrt:output.obj
 0001:000063d5       ?state_case_precision@?$output_processor@_WV?$stream_output_adapter@_W@__crt_stdio_output@@V?$standard_base@_WV?$stream_output_adapter@_W@__crt_stdio_output@@@2@@__crt_stdio_output@@AAE_NXZ 100073d5 f i libucrt:output.obj
 0001:000063d5       ?state_case_precision@?$output_processor@_WV?$string_output_adapter@_W@__crt_stdio_output@@V?$standard_base@_WV?$string_output_adapter@_W@__crt_stdio_output@@@2@@__crt_stdio_output@@AAE_NXZ 100073d5 f i libucrt:output.obj
 0001:000063fe       ?state_case_size@?$output_processor@_WV?$stream_output_adapter@_W@__crt_stdio_output@@V?$standard_base@_WV?$stream_output_adapter@_W@__crt_stdio_output@@@2@@__crt_stdio_output@@AAE_NXZ 100073fe f i libucrt:output.obj
 0001:0000657a       ?state_case_size@?$output_processor@_WV?$string_output_adapter@_W@__crt_stdio_output@@V?$standard_base@_WV?$string_output_adapter@_W@__crt_stdio_output@@@2@@__crt_stdio_output@@AAE_NXZ 1000757a f i libucrt:output.obj
 0001:000066f6       ?state_case_type@?$output_processor@_WV?$stream_output_adapter@_W@__crt_stdio_output@@V?$standard_base@_WV?$stream_output_adapter@_W@__crt_stdio_output@@@2@@__crt_stdio_output@@AAE_NXZ 100076f6 f i libucrt:output.obj
 0001:00006953       ?state_case_type@?$output_processor@_WV?$string_output_adapter@_W@__crt_stdio_output@@V?$standard_base@_WV?$string_output_adapter@_W@__crt_stdio_output@@@2@@__crt_stdio_output@@AAE_NXZ 10007953 f i libucrt:output.obj
 0001:00006bb0       ?state_case_width@?$output_processor@_WV?$string_output_adapter@_W@__crt_stdio_output@@V?$standard_base@_WV?$string_output_adapter@_W@__crt_stdio_output@@@2@@__crt_stdio_output@@AAE_NXZ 10007bb0 f i libucrt:output.obj
 0001:00006bb0       ?state_case_width@?$output_processor@_WV?$stream_output_adapter@_W@__crt_stdio_output@@V?$standard_base@_WV?$stream_output_adapter@_W@__crt_stdio_output@@@2@@__crt_stdio_output@@AAE_NXZ 10007bb0 f i libucrt:output.obj
 0001:00006bdc       ?to_integer_size@__crt_stdio_output@@YAIW4length_modifier@1@@Z 10007bdc f i libucrt:output.obj
 0001:00006c38       ?type_case_Z@?$output_processor@_WV?$string_output_adapter@_W@__crt_stdio_output@@V?$standard_base@_WV?$string_output_adapter@_W@__crt_stdio_output@@@2@@__crt_stdio_output@@AAE_NXZ 10007c38 f i libucrt:output.obj
 0001:00006c38       ?type_case_Z@?$output_processor@_WV?$stream_output_adapter@_W@__crt_stdio_output@@V?$standard_base@_WV?$stream_output_adapter@_W@__crt_stdio_output@@@2@@__crt_stdio_output@@AAE_NXZ 10007c38 f i libucrt:output.obj
 0001:00006c9b       ?type_case_a@?$output_processor@_WV?$stream_output_adapter@_W@__crt_stdio_output@@V?$standard_base@_WV?$stream_output_adapter@_W@__crt_stdio_output@@@2@@__crt_stdio_output@@AAE_NXZ 10007c9b f i libucrt:output.obj
 0001:00006c9b       ?type_case_a@?$output_processor@_WV?$string_output_adapter@_W@__crt_stdio_output@@V?$standard_base@_WV?$string_output_adapter@_W@__crt_stdio_output@@@2@@__crt_stdio_output@@AAE_NXZ 10007c9b f i libucrt:output.obj
 0001:00006e0d       ?type_case_c_tchar@?$output_processor@_WV?$string_output_adapter@_W@__crt_stdio_output@@V?$standard_base@_WV?$string_output_adapter@_W@__crt_stdio_output@@@2@@__crt_stdio_output@@AAE_N_W@Z 10007e0d f i libucrt:output.obj
 0001:00006e0d       ?type_case_c_tchar@?$output_processor@_WV?$stream_output_adapter@_W@__crt_stdio_output@@V?$standard_base@_WV?$stream_output_adapter@_W@__crt_stdio_output@@@2@@__crt_stdio_output@@AAE_N_W@Z 10007e0d f i libucrt:output.obj
 0001:00006ea5       ?type_case_integer@?$output_processor@_WV?$stream_output_adapter@_W@__crt_stdio_output@@V?$standard_base@_WV?$stream_output_adapter@_W@__crt_stdio_output@@@2@@__crt_stdio_output@@AAE_NI_N@Z 10007ea5 f i libucrt:output.obj
 0001:00006ea5       ?type_case_integer@?$output_processor@_WV?$string_output_adapter@_W@__crt_stdio_output@@V?$standard_base@_WV?$string_output_adapter@_W@__crt_stdio_output@@@2@@__crt_stdio_output@@AAE_NI_N@Z 10007ea5 f i libucrt:output.obj
 0001:00006fef       ?type_case_n@?$output_processor@_WV?$string_output_adapter@_W@__crt_stdio_output@@V?$standard_base@_WV?$string_output_adapter@_W@__crt_stdio_output@@@2@@__crt_stdio_output@@AAE_NXZ 10007fef f i libucrt:output.obj
 0001:00006fef       ?type_case_n@?$output_processor@_WV?$stream_output_adapter@_W@__crt_stdio_output@@V?$standard_base@_WV?$stream_output_adapter@_W@__crt_stdio_output@@@2@@__crt_stdio_output@@AAE_NXZ 10007fef f i libucrt:output.obj
 0001:00007063       ?type_case_o@?$output_processor@_WV?$stream_output_adapter@_W@__crt_stdio_output@@V?$standard_base@_WV?$stream_output_adapter@_W@__crt_stdio_output@@@2@@__crt_stdio_output@@AAE_NXZ 10008063 f i libucrt:output.obj
 0001:00007063       ?type_case_o@?$output_processor@_WV?$string_output_adapter@_W@__crt_stdio_output@@V?$standard_base@_WV?$string_output_adapter@_W@__crt_stdio_output@@@2@@__crt_stdio_output@@AAE_NXZ 10008063 f i libucrt:output.obj
 0001:00007082       ?type_case_p@?$output_processor@_WV?$string_output_adapter@_W@__crt_stdio_output@@V?$standard_base@_WV?$string_output_adapter@_W@__crt_stdio_output@@@2@@__crt_stdio_output@@AAE_NXZ 10008082 f i libucrt:output.obj
 0001:00007082       ?type_case_p@?$output_processor@_WV?$stream_output_adapter@_W@__crt_stdio_output@@V?$standard_base@_WV?$stream_output_adapter@_W@__crt_stdio_output@@@2@@__crt_stdio_output@@AAE_NXZ 10008082 f i libucrt:output.obj
 0001:0000709a       ?type_case_s@?$output_processor@_WV?$string_output_adapter@_W@__crt_stdio_output@@V?$standard_base@_WV?$string_output_adapter@_W@__crt_stdio_output@@@2@@__crt_stdio_output@@AAE_NXZ 1000809a f i libucrt:output.obj
 0001:0000709a       ?type_case_s@?$output_processor@_WV?$stream_output_adapter@_W@__crt_stdio_output@@V?$standard_base@_WV?$stream_output_adapter@_W@__crt_stdio_output@@@2@@__crt_stdio_output@@AAE_NXZ 1000809a f i libucrt:output.obj
 0001:0000710e       ?type_case_s_compute_narrow_string_length@?$output_processor@_WV?$string_output_adapter@_W@__crt_stdio_output@@V?$standard_base@_WV?$string_output_adapter@_W@__crt_stdio_output@@@2@@__crt_stdio_output@@ABEHH_W@Z 1000810e f i libucrt:output.obj
 0001:0000710e       ?type_case_s_compute_narrow_string_length@?$output_processor@_WV?$stream_output_adapter@_W@__crt_stdio_output@@V?$standard_base@_WV?$stream_output_adapter@_W@__crt_stdio_output@@@2@@__crt_stdio_output@@ABEHH_W@Z 1000810e f i libucrt:output.obj
 0001:0000714e       ?validate@?$stream_output_adapter@_W@__crt_stdio_output@@QBE_NXZ 1000814e f i libucrt:output.obj
 0001:0000714e       ?validate@?$string_output_adapter@_W@__crt_stdio_output@@QBE_NXZ 1000814e f i libucrt:output.obj
 0001:0000714e       ?validate@?$c_string_character_source@_W@__crt_strtox@@QBE_NXZ 1000814e f i libucrt:atox.obj
 0001:00007169       ?write_character@?$stream_output_adapter@_W@__crt_stdio_output@@QBEX_WQAH@Z 10008169 f i libucrt:output.obj
 0001:000071a9       ?write_character@?$string_output_adapter@_W@__crt_stdio_output@@QBE_N_WQAH@Z 100081a9 f i libucrt:output.obj
 0001:000071ee       ?write_stored_string_tchar@?$output_processor@_WV?$stream_output_adapter@_W@__crt_stdio_output@@V?$standard_base@_WV?$stream_output_adapter@_W@__crt_stdio_output@@@2@@__crt_stdio_output@@AAE_N_W@Z 100081ee f i libucrt:output.obj
 0001:00007279       ?write_stored_string_tchar@?$output_processor@_WV?$string_output_adapter@_W@__crt_stdio_output@@V?$standard_base@_WV?$string_output_adapter@_W@__crt_stdio_output@@@2@@__crt_stdio_output@@AAE_N_W@Z 10008279 f i libucrt:output.obj
 0001:00007304       ?write_string@?$stream_output_adapter@_W@__crt_stdio_output@@QBEXQB_WHQAH1@Z 10008304 f i libucrt:output.obj
 0001:00007391       ?write_string@?$string_output_adapter@_W@__crt_stdio_output@@QBEXQB_WHQAH1@Z 10008391 f i libucrt:output.obj
 0001:0000742b       ___stdio_common_vfwprintf  1000842b f   libucrt:output.obj
 0001:000074a2       ___stdio_common_vswprintf  100084a2 f   libucrt:output.obj
 0001:000074c6       ??$is_overflow_condition@K@__crt_strtox@@YA_NIK@Z 100084c6 f i libucrt:atox.obj
 0001:000074f9       ??$parse_integer@KV?$c_string_character_source@_W@__crt_strtox@@@__crt_strtox@@YAKQAU__crt_locale_pointers@@V?$c_string_character_source@_W@0@H_N@Z 100084f9 f i libucrt:atox.obj
 0001:00007bde       ?unget@?$c_string_character_source@_W@__crt_strtox@@QAEX_W@Z 10008bde f i libucrt:atox.obj
 0001:00007c0a       __chvalidchk_l             10008c0a f i libucrt:atox.obj
 0001:00007c34       __ischartype_l             10008c34 f i libucrt:atox.obj
 0001:00007c67       ___acrt_call_reportfault   10008c67 f   libucrt:invalid_parameter.obj
 0001:00007da2       ___acrt_initialize_invalid_parameter_handler 10008da2 f   libucrt:invalid_parameter.obj
 0001:00007db6       __invalid_parameter        10008db6 f   libucrt:invalid_parameter.obj
 0001:00007e31       __invalid_parameter_noinfo 10008e31 f   libucrt:invalid_parameter.obj
 0001:00007e41       __invoke_watson            10008e41 f   libucrt:invalid_parameter.obj
 0001:00007e74       __query_app_type           10008e74 f   libucrt:report_runtime_error.obj
 0001:00007e7a       ___acrt_errno_from_os_error 10008e7a f   libucrt:errno.obj
 0001:00007ebd       ___acrt_errno_map_os_error 10008ebd f   libucrt:errno.obj
 0001:00007ee0       ___doserrno                10008ee0 f   libucrt:errno.obj
 0001:00007ef3       __errno                    10008ef3 f   libucrt:errno.obj
 0001:00007ff3       __itow_s                   10008ff3 f   libucrt:xtoa.obj
 0001:00008028       __set_error_mode           10009028 f   libucrt:set_error_mode.obj
 0001:00008067       _wcscat_s                  10009067 f   libucrt:wcscat_s.obj
 0001:000080dc       _wcscpy_s                  100090dc f   libucrt:wcscpy_s.obj
 0001:00008229       _wcsncat_s                 10009229 f   libucrt:wcsncat_s.obj
 0001:0000832f       ___acrt_show_wide_message_box 1000932f f   libucrt:crtmbox.obj
 0001:0000833a       ___acrt_initialize_stdio   1000933a f   libucrt:_file.obj
 0001:00008402       ___acrt_iob_func           10009402 f   libucrt:_file.obj
 0001:00008412       ___acrt_uninitialize_stdio 10009412 f   libucrt:_file.obj
 0001:0000845e       __lock_file                1000945e f   libucrt:_file.obj
 0001:00008472       __unlock_file              10009472 f   libucrt:_file.obj
 0001:00008486       ___acrt_stdio_flush_nolock 10009486 f   libucrt:fflush.obj
 0001:000084ec       __fflush_nolock            100094ec f   libucrt:fflush.obj
 0001:00008533       __flushall                 10009533 f   libucrt:fflush.obj
 0001:00008614       _fflush                    10009614 f   libucrt:fflush.obj
 0001:0000866d       ??$?RV<lambda_d92cfe8357b99225085016881b624cb0>@@AAV<lambda_b721fa326cdb32351d23dfa67958c160>@@V<lambda_42d75b0848218ec137fa420c8ba9fdf9>@@@?$__crt_seh_guarded_call@H@@QAEH$$QAV<lambda_d92cfe8357b99225085016881b624cb0>@@AAV<lambda_b721fa326cdb32351d23dfa67958c160>@@$$QAV<lambda_42d75b0848218ec137fa420c8ba9fdf9>@@@Z 1000966d f i libucrt:setvbuf.obj
 0001:000086be       ??$__acrt_lock_stream_and_call@V<lambda_b721fa326cdb32351d23dfa67958c160>@@@@YAHQAU_iobuf@@$$QAV<lambda_b721fa326cdb32351d23dfa67958c160>@@@Z 100096be f i libucrt:setvbuf.obj
 0001:000087b3       _setvbuf                   100097b3 f   libucrt:setvbuf.obj
 0001:00008829       ??$?RV<lambda_a048d3beccc847880fc8490e18b82769>@@AAV<lambda_ec61778202f4f5fc7e7711acc23c3bca>@@V<lambda_f7496a158712204296dd6628a163878e>@@@?$__crt_seh_guarded_call@P6AXH@Z@@QAEP6AXH@Z$$QAV<lambda_a048d3beccc847880fc8490e18b82769>@@AAV<lambda_ec61778202f4f5fc7e7711acc23c3bca>@@$$QAV<lambda_f7496a158712204296dd6628a163878e>@@@Z 10009829 f i libucrt:signal.obj
 0001:00008883       ??$__acrt_lock_and_call@V<lambda_ec61778202f4f5fc7e7711acc23c3bca>@@@@YAP6AXH@ZW4__acrt_lock_id@@$$QAV<lambda_ec61778202f4f5fc7e7711acc23c3bca>@@@Z 10009883 f i libucrt:signal.obj
 0001:00008915       ___acrt_get_sigabrt_handler 10009915 f   libucrt:signal.obj
 0001:0000892c       ___acrt_initialize_signal_handlers 1000992c f   libucrt:signal.obj
 0001:00008967       ___fpecode                 10009967 f   libucrt:signal.obj
 0001:00008970       _raise                     10009970 f   libucrt:signal.obj
 0001:00008cdf       __tolower_l                10009cdf f   libucrt:tolower_toupper.obj
 0001:00008cf9       _tolower                   10009cf9 f   libucrt:tolower_toupper.obj
 0001:00008d29       ??$?RV<lambda_3518db117f0e7cdb002338c5d3c47b6c>@@AAV<lambda_b2ea41f6bbb362cd97d94c6828d90b61>@@V<lambda_abdedf541bb04549bc734292b4a045d4>@@@?$__crt_seh_guarded_call@X@@QAEX$$QAV<lambda_3518db117f0e7cdb002338c5d3c47b6c>@@AAV<lambda_b2ea41f6bbb362cd97d94c6828d90b61>@@$$QAV<lambda_abdedf541bb04549bc734292b4a045d4>@@@Z 10009d29 f i libucrt:per_thread_data.obj
 0001:00008d79       ??$?RV<lambda_51b6e8b1eb166f2a3faf91f424b38130>@@AAV<lambda_6250bd4b2a391816dd638c3bf72b0bcb>@@V<lambda_0b5a4a3e68152e1d9b943535f5f47bed>@@@?$__crt_seh_guarded_call@X@@QAEX$$QAV<lambda_51b6e8b1eb166f2a3faf91f424b38130>@@AAV<lambda_6250bd4b2a391816dd638c3bf72b0bcb>@@$$QAV<lambda_0b5a4a3e68152e1d9b943535f5f47bed>@@@Z 10009d79 f i libucrt:per_thread_data.obj
 0001:00008dda       ??$?RV<lambda_5b71d36f03204c0beab531769a5b5694>@@AAV<lambda_be2b3da3f62db62e9dad5dc70221a656>@@V<lambda_8f9ce462984622f9bf76b59e2aaaf805>@@@?$__crt_seh_guarded_call@X@@QAEX$$QAV<lambda_5b71d36f03204c0beab531769a5b5694>@@AAV<lambda_be2b3da3f62db62e9dad5dc70221a656>@@$$QAV<lambda_8f9ce462984622f9bf76b59e2aaaf805>@@@Z 10009dda f i libucrt:per_thread_data.obj
 0001:00008e25       ??$?RV<lambda_9df27f884b057bc3edfc946cb5b7cf47>@@AAV<lambda_e69574bed617af4e071282c136b37893>@@V<lambda_cc0d902bcbbeb830f749456577db4721>@@@?$__crt_seh_guarded_call@X@@QAEX$$QAV<lambda_9df27f884b057bc3edfc946cb5b7cf47>@@AAV<lambda_e69574bed617af4e071282c136b37893>@@$$QAV<lambda_cc0d902bcbbeb830f749456577db4721>@@@Z 10009e25 f i libucrt:per_thread_data.obj
 0001:00008e6d       ??$__acrt_lock_and_call@V<lambda_6250bd4b2a391816dd638c3bf72b0bcb>@@@@YAXW4__acrt_lock_id@@$$QAV<lambda_6250bd4b2a391816dd638c3bf72b0bcb>@@@Z 10009e6d f i libucrt:per_thread_data.obj
 0001:00008e95       ??$__acrt_lock_and_call@V<lambda_b2ea41f6bbb362cd97d94c6828d90b61>@@@@YAXW4__acrt_lock_id@@$$QAV<lambda_b2ea41f6bbb362cd97d94c6828d90b61>@@@Z 10009e95 f i libucrt:per_thread_data.obj
 0001:00008ebd       ??$__acrt_lock_and_call@V<lambda_be2b3da3f62db62e9dad5dc70221a656>@@@@YAXW4__acrt_lock_id@@$$QAV<lambda_be2b3da3f62db62e9dad5dc70221a656>@@@Z 10009ebd f i libucrt:per_thread_data.obj
 0001:00008ee5       ??$__acrt_lock_and_call@V<lambda_e69574bed617af4e071282c136b37893>@@@@YAXW4__acrt_lock_id@@$$QAV<lambda_e69574bed617af4e071282c136b37893>@@@Z 10009ee5 f i libucrt:per_thread_data.obj
 0001:0000909b       ___acrt_freeptd            1000a09b f   libucrt:per_thread_data.obj
 0001:000090c7       ___acrt_getptd             1000a0c7 f   libucrt:per_thread_data.obj
 0001:0000914b       ___acrt_getptd_noexit      1000a14b f   libucrt:per_thread_data.obj
 0001:000091d0       ___acrt_initialize_ptd     1000a1d0 f   libucrt:per_thread_data.obj
 0001:000091fc       ___acrt_uninitialize_ptd   1000a1fc f   libucrt:per_thread_data.obj
 0001:00009216       ___acrt_update_locale_info 1000a216 f   libucrt:locale_update.obj
 0001:00009243       ___acrt_update_multibyte_info 1000a243 f   libucrt:locale_update.obj
 0001:00009270       ___acrt_set_locale_changed 1000a270 f   libucrt:wsetlocale.obj
 0001:0000927b       ___acrt_uninitialize_locale 1000a27b f   libucrt:wsetlocale.obj
 0001:000092cd       ___acrt_initialize_locks   1000a2cd f   libucrt:locks.obj
 0001:0000930e       ___acrt_lock               1000a30e f   libucrt:locks.obj
 0001:00009325       ___acrt_uninitialize_locks 1000a325 f   libucrt:locks.obj
 0001:00009356       ___acrt_unlock             1000a356 f   libucrt:locks.obj
 0001:000094b8       ___acrt_FlsAlloc@4         1000a4b8 f   libucrt:winapi_thunks.obj
 0001:0000950e       ___acrt_FlsFree@4          1000a50e f   libucrt:winapi_thunks.obj
 0001:00009564       ___acrt_FlsGetValue@4      1000a564 f   libucrt:winapi_thunks.obj
 0001:000095ba       ___acrt_FlsSetValue@8      1000a5ba f   libucrt:winapi_thunks.obj
 0001:00009613       ___acrt_InitializeCriticalSectionEx@12 1000a613 f   libucrt:winapi_thunks.obj
 0001:00009675       ___acrt_LCMapStringEx@36   1000a675 f   libucrt:winapi_thunks.obj
 0001:000096fd       ___acrt_LocaleNameToLCID@8 1000a6fd f   libucrt:winapi_thunks.obj
 0001:00009759       ___acrt_MessageBoxW@16     1000a759 f   libucrt:winapi_thunks.obj
 0001:000097a2       ___acrt_can_show_message_box 1000a7a2 f   libucrt:winapi_thunks.obj
 0001:000097bb       ___acrt_get_parent_window  1000a7bb f   libucrt:winapi_thunks.obj
 0001:0000983a       ___acrt_initialize_winapi_thunks 1000a83a f   libucrt:winapi_thunks.obj
 0001:00009860       ___acrt_is_interactive     1000a860 f   libucrt:winapi_thunks.obj
 0001:00009906       ___acrt_is_packaged_app    1000a906 f   libucrt:winapi_thunks.obj
 0001:0000998d       ___acrt_uninitialize_winapi_thunks 1000a98d f   libucrt:winapi_thunks.obj
 0001:000099c3       ??$?RV<lambda_978dc153c237d78434369da87b74ff60>@@AAV<lambda_ad1ced32f4ac17aa236e5ef05d6b3b7c>@@V<lambda_4a8533e2866a575feecb8298ce776b0d>@@@?$__crt_seh_guarded_call@X@@QAEX$$QAV<lambda_978dc153c237d78434369da87b74ff60>@@AAV<lambda_ad1ced32f4ac17aa236e5ef05d6b3b7c>@@$$QAV<lambda_4a8533e2866a575feecb8298ce776b0d>@@@Z 1000a9c3 f i libucrt:mbctype.obj
 0001:00009a06       ??$__acrt_lock_and_call@V<lambda_ad1ced32f4ac17aa236e5ef05d6b3b7c>@@@@YAXW4__acrt_lock_id@@$$QAV<lambda_ad1ced32f4ac17aa236e5ef05d6b3b7c>@@@Z 1000aa06 f i libucrt:mbctype.obj
 0001:00009e9d       ___acrt_initialize_multibyte 1000ae9d f   libucrt:mbctype.obj
 0001:00009ebb       ___acrt_update_thread_multibyte_data 1000aebb f   libucrt:mbctype.obj
 0001:00009f5d       __setmbcp_nolock           1000af5d f   libucrt:mbctype.obj
 0001:0000a185       ___dcrt_get_narrow_environment_from_os 1000b185 f   libucrt:get_environment_from_os.obj
 0001:0000a208       __recalloc                 1000b208 f   libucrt:recalloc.obj
 0001:0000a213       __recalloc_base            1000b213 f   libucrt:recalloc.obj
 0001:0000a280       ___acrt_initialize_heap    1000b280 f   libucrt:heap_handle.obj
 0001:0000a291       ___acrt_uninitialize_heap  1000b291 f   libucrt:heap_handle.obj
 0001:0000a407       ___acrt_initialize_lowio   1000b407 f   libucrt:ioinit.obj
 0001:0000a45d       ___acrt_uninitialize_lowio 1000b45d f   libucrt:ioinit.obj
 0001:0000a489       ___acrt_initialize_command_line 1000b489 f   libucrt:argv_data.obj
 0001:0000a4a2       ___acrt_execute_initializers 1000b4a2 f   libucrt:shared_initialization.obj
 0001:0000a525       ___acrt_execute_uninitializers 1000b525 f   libucrt:shared_initialization.obj
 0001:0000a572       ?initialize@?$dual_state_global@P6AXPB_W00II@Z@__crt_state_management@@QAEXQ6AXPB_W00II@Z@Z 1000b572 f i libucrt:invalid_parameter.obj
 0001:0000a572       ?initialize@?$dual_state_global@P6AHI@Z@__crt_state_management@@QAEXQ6AHI@Z@Z 1000b572 f i libucrt:new_handler.obj
 0001:0000a572       ?initialize@?$dual_state_global@PAPAD@__crt_state_management@@QAEXQAPAD@Z 1000b572 f i libucrt:environment_initialization.obj
 0001:0000a572       ?initialize@?$dual_state_global@P6AXH@Z@__crt_state_management@@QAEXQ6AXH@Z@Z 1000b572 f i libucrt:signal.obj
 0001:0000a572       ?initialize@?$dual_state_global@PAU__crt_locale_data@@@__crt_state_management@@QAEXQAU__crt_locale_data@@@Z 1000b572 f i libucrt:initialization.obj
 0001:0000a572       ?initialize@?$dual_state_global@P6AHPAU_exception@@@Z@__crt_state_management@@QAEXQ6AHPAU_exception@@@Z@Z 1000b572 f i libucrt:matherr.obj
 0001:0000a5a3       ___acrt_has_user_matherr   1000b5a3 f   libucrt:matherr.obj
 0001:0000a5bc       ___acrt_initialize_user_matherr 1000b5bc f   libucrt:matherr.obj
 0001:0000a5d0       ___acrt_invoke_user_matherr 1000b5d0 f   libucrt:matherr.obj
 0001:0000a619       ___acrt_stdio_begin_temporary_buffering_nolock 1000b619 f   libucrt:_sftbuf.obj
 0001:0000a6ce       ___acrt_stdio_end_temporary_buffering_nolock 1000b6ce f   libucrt:_sftbuf.obj
 0001:0000a707       __query_new_mode           1000b707 f   libucrt:new_mode.obj
 0001:0000a70d       __isdigit_l                1000b70d f i libucrt:_ctype.obj
 0001:0000a745       _isdigit                   1000b745 f i libucrt:_ctype.obj
 0001:0000a772       ??$make_c_string_character_source@_WPAPA_W@__crt_strtox@@YA?AV?$c_string_character_source@_W@0@QB_WQAPA_W@Z 1000b772 f i libucrt:strtox.obj
 0001:0000a78d       _wcstol                    1000b78d f   libucrt:strtox.obj
 0001:0000a7b9       __mbtowc_l                 1000b7b9 f   libucrt:mbtowc.obj
 0001:0000a8b3       _mbtowc                    1000b8b3 f   libucrt:mbtowc.obj
 0001:0000a8cd       __wctomb_s_l               1000b8cd f   libucrt:wctomb.obj
 0001:0000a9ee       _wctomb_s                  1000b9ee f   libucrt:wctomb.obj
 0001:0000aa0b       _wcsnlen                   1000ba0b f   libucrt:strnlen.obj
 0001:0000abc2       ?__acrt_fp_classify@@YA?AW4__acrt_fp_class@@ABN@Z 1000bbc2 f i libucrt:cvt.obj
 0001:0000ac2e       ?__acrt_fp_is_negative@@YA_NABN@Z 1000bc2e f i libucrt:cvt.obj
 0001:0000b48d       ___acrt_fp_format          1000c48d f   libucrt:cvt.obj
 0001:0000b609       __fputwc_nolock            1000c609 f   libucrt:fputwc.obj
 0001:0000b72f       __fileno                   1000c72f f   libucrt:fileno.obj
 0001:0000b755       __fputc_nolock             1000c755 f   libucrt:fputc.obj
 0001:0000b77e       __get_printf_count_output  1000c77e f   libucrt:printf_count_output.obj
 0001:0000b793       ___pctype_func             1000c793 f   libucrt:ctype.obj
 0001:0000b7b9       _iswctype                  1000c7b9 f   libucrt:iswctype.obj
 0001:0000b818       __isctype_l                1000c818 f   libucrt:isctype.obj
 0001:0000b8ea       __fcloseall                1000c8ea f   libucrt:closeall.obj
 0001:0000b98a       ___acrt_stdio_free_buffer_nolock 1000c98a f   libucrt:_freebuf.obj
 0001:0000b9c8       ??$?RV<lambda_61cee617f5178ae960314fd4d05640a0>@@AAV<lambda_6978c1fb23f02e42e1d9e99668cc68aa>@@V<lambda_9cd88cf8ad10232537feb2133f08c833>@@@?$__crt_seh_guarded_call@H@@QAEH$$QAV<lambda_61cee617f5178ae960314fd4d05640a0>@@AAV<lambda_6978c1fb23f02e42e1d9e99668cc68aa>@@$$QAV<lambda_9cd88cf8ad10232537feb2133f08c833>@@@Z 1000c9c8 f i libucrt:commit.obj
 0001:0000ba60       ??$__acrt_lowio_lock_fh_and_call@V<lambda_6978c1fb23f02e42e1d9e99668cc68aa>@@@@YAHH$$QAV<lambda_6978c1fb23f02e42e1d9e99668cc68aa>@@@Z 1000ca60 f i libucrt:commit.obj
 0001:0000ba88       __commit                   1000ca88 f   libucrt:commit.obj
 0001:0000c087       __write                    1000d087 f   libucrt:write.obj
 0001:0000c172       __write_nolock             1000d172 f   libucrt:write.obj
 0001:0000c37e       __isleadbyte_l             1000d37e f i libucrt:_wctype.obj
 0001:0000c5d4       ___acrt_LCMapStringA       1000d5d4 f   libucrt:lcmapstringa.obj
 0001:0000c61f       __freea_crt                1000d61f f i libucrt:lcmapstringa.obj
 0001:0000c63f       ___acrt_add_locale_ref     1000d63f f   libucrt:locale_refcounting.obj
 0001:0000c6bc       ___acrt_free_locale        1000d6bc f   libucrt:locale_refcounting.obj
 0001:0000c806       ___acrt_locale_add_lc_time_reference 1000d806 f   libucrt:locale_refcounting.obj
 0001:0000c82f       ___acrt_locale_free_lc_time_if_unreferenced 1000d82f f   libucrt:locale_refcounting.obj
 0001:0000c85f       ___acrt_locale_release_lc_time_reference 1000d85f f   libucrt:locale_refcounting.obj
 0001:0000c888       ___acrt_release_locale_ref 1000d888 f   libucrt:locale_refcounting.obj
 0001:0000c909       ___acrt_update_thread_locale_data 1000d909 f   libucrt:locale_refcounting.obj
 0001:0000c980       __updatetlocinfoEx_nolock  1000d980 f   libucrt:locale_refcounting.obj
 0001:0000c9d0       ___acrt_locale_free_monetary 1000d9d0 f   libucrt:initmon.obj
 0001:0000cace       ___acrt_locale_free_numeric 1000dace f   libucrt:initnum.obj
 0001:0000cb73       ___acrt_locale_free_time   1000db73 f   libucrt:inittime.obj
 0001:0000cc57       ___acrt_GetStringTypeA     1000dc57 f   libucrt:getstringtypea.obj
 0001:0000ce30       ___acrt_DownlevelLocaleNameToLCID 1000de30 f   libucrt:lcidtoname_downlevel.obj
 0001:0000ce6b       __msize                    1000de6b f   libucrt:msize.obj
 0001:0000ce9e       __realloc_base             1000de9e f   libucrt:realloc_base.obj
 0001:0000cf07       ___acrt_lowio_create_handle_array 1000df07 f   libucrt:osfinfo.obj
 0001:0000cf81       ___acrt_lowio_destroy_handle_array 1000df81 f   libucrt:osfinfo.obj
 0001:0000cfb6       ___acrt_lowio_ensure_fh_exists 1000dfb6 f   libucrt:osfinfo.obj
 0001:0000d04e       ___acrt_lowio_lock_fh      1000e04e f   libucrt:osfinfo.obj
 0001:0000d071       ___acrt_lowio_unlock_fh    1000e071 f   libucrt:osfinfo.obj
 0001:0000d094       __free_osfhnd              1000e094 f   libucrt:osfinfo.obj
 0001:0000d125       __get_osfhandle            1000e125 f   libucrt:osfinfo.obj
 0001:0000d18f       __isatty                   1000e18f f   libucrt:isatty.obj
 0001:0000d1e5       ___acrt_fp_strflt_to_string 1000e1e5 f   libucrt:_fptostr.obj
 0001:0000d2a1       ??0scoped_fp_state_reset@?A0x3568b024@@QAE@XZ 1000e2a1 f i libucrt:cfout.obj
 0001:0000d2d0       ?divide@__crt_strtox@@YA_KAAUbig_integer@1@ABU21@@Z 1000e2d0 f i libucrt:cfout.obj
 0001:0000d77e       ___acrt_fltout             1000e77e f   libucrt:cfout.obj
 0001:0000eee0       ___acrt_stdio_flush_and_write_narrow_nolock 1000fee0 f   libucrt:_flsbuf.obj
 0001:0000eeeb       ___acrt_stdio_flush_and_write_wide_nolock 1000feeb f   libucrt:_flsbuf.obj
 0001:0000eef6       __fclose_nolock            1000fef6 f   libucrt:fclose.obj
 0001:0000ef6c       _fclose                    1000ff6c f   libucrt:fclose.obj
 0001:0000f16f       __lseeki64                 1001016f f   libucrt:lseek.obj
 0001:0000f18a       __lseeki64_nolock          1001018a f   libucrt:lseek.obj
 0001:0000f1a5       __putwch_nolock            100101a5 f   libucrt:putwch.obj
 0001:0000f1ea       ___strncnt                 100101ea f   libucrt:strncnt.obj
 0001:0000f206       _fegetenv                  10010206 f   libucrt:fegetenv.obj
 0001:0000f223       _fesetenv                  10010223 f   libucrt:fesetenv.obj
 0001:0000f26c       _feholdexcept              1001026c f   libucrt:feholdexcept.obj
 0001:0000f2c0       _log10                     100102c0 f   libucrt:log10.obj
 0001:0000f300       __CIlog10                  10010300 f   libucrt:log10.obj
 0001:0000f33b       __CIlog10_default          1001033b f   libucrt:log10.obj
 0001:0000f34f       __log10_default            1001034f     libucrt:log10.obj
 0001:0000f410       _ceil                      10010410 f   libucrt:ceil_pentium4.obj
 0001:0000f450       __ceil_pentium4            10010450 f   libucrt:ceil_pentium4.obj
 0001:0000f52d       ___acrt_stdio_allocate_buffer_nolock 1001052d f   libucrt:_getbuf.obj
 0001:0000f58a       ??$?RV<lambda_123407a5e2ac06da108355a851863b7a>@@AAV<lambda_2fe9b910cf3cbf4a0ab98a02ba45b3ec>@@V<lambda_ae55bdf541ad94d75914d381c370e64d>@@@?$__crt_seh_guarded_call@H@@QAEH$$QAV<lambda_123407a5e2ac06da108355a851863b7a>@@AAV<lambda_2fe9b910cf3cbf4a0ab98a02ba45b3ec>@@$$QAV<lambda_ae55bdf541ad94d75914d381c370e64d>@@@Z 1001058a f i libucrt:close.obj
 0001:0000f60c       ??$__acrt_lowio_lock_fh_and_call@V<lambda_2fe9b910cf3cbf4a0ab98a02ba45b3ec>@@@@YAHH$$QAV<lambda_2fe9b910cf3cbf4a0ab98a02ba45b3ec>@@@Z 1001060c f i libucrt:close.obj
 0001:0000f634       __close                    10010634 f   libucrt:close.obj
 0001:0000f6b3       __close_nolock             100106b3 f   libucrt:close.obj
 0001:0000f74f       ?__acrt_stdio_free_stream@@YAXV__crt_stdio_stream@@@Z 1001074f f   libucrt:stream.obj
 0001:0000f78a       ___dcrt_lowio_initialize_console_output 1001078a f   libucrt:initcon.obj
 0001:0000f7a9       ___dcrt_terminate_console_output 100107a9 f   libucrt:initcon.obj
 0001:0000f7c0       ___ascii_strnicmp          100107c0 f   libucrt:_strnicm.obj
 0001:0000fac4       __getfpcontrolword         10010ac4 f   libucrt:_fenvutils.obj
 0001:0000fb07       __getfpstatusword          10010b07 f   libucrt:_fenvutils.obj
 0001:0000fbaf       __setfpcontrolword         10010baf f   libucrt:_fenvutils.obj
 0001:0000fc2f       __setfpstatusword          10010c2f f   libucrt:_fenvutils.obj
 0001:0000fcaf       __clearfp                  10010caf f   libucrt:ieee87.obj
 0001:0000fd8d       ___acrt_initialize_sse2    10010d8d f   libucrt:mathfcns.obj
 0001:0000fda0       __CIlog10_pentium4         10010da0 f   libucrt:log10_pentium4.obj
 0001:0000fdb8       __log10_pentium4           10010db8     libucrt:log10_pentium4.obj
 0001:00010041       __fFEXP                    10011041     libucrt:87tran.obj
 0001:00010098       __rtinfpopse               10011098     libucrt:87tran.obj
 0001:0001009a       __rtinfnpopse              1001109a     libucrt:87tran.obj
 0001:000100aa       __fFLN                     100110aa     libucrt:87tran.obj
 0001:0001015f       __rtinfpop                 1001115f     libucrt:87tran.obj
 0001:00010161       __rtinfnpop                10011161     libucrt:87tran.obj
 0001:0001017e       __ffexpm1                  1001117e     libucrt:87tran.obj
 0001:00010230       __trandisp1                10011230 f   libucrt:87disp.obj
 0001:00010297       __trandisp2                10011297 f   libucrt:87disp.obj
 0001:00010323       __rttospopde               10011323     libucrt:87disp.obj
 0001:00010328       __rttospop                 10011328     libucrt:87disp.obj
 0001:0001032a       __rtnospop                 1001132a     libucrt:87disp.obj
 0001:0001032c       __rttosnpop                1001132c     libucrt:87disp.obj
 0001:0001032d       __rtnospopde               1001132d     libucrt:87disp.obj
 0001:00010334       __rtzeropop                10011334     libucrt:87disp.obj
 0001:00010336       __rtzeronpop               10011336     libucrt:87disp.obj
 0001:0001033b       __rtzerospop               1001133b     libucrt:87disp.obj
 0001:00010348       __rtonepop                 10011348     libucrt:87disp.obj
 0001:0001034a       __rtonenpop                1001134a     libucrt:87disp.obj
 0001:0001034f       __tosnan1                  1001134f     libucrt:87disp.obj
 0001:0001037a       __nosnan2                  1001137a     libucrt:87disp.obj
 0001:0001037c       __tosnan2                  1001137c     libucrt:87disp.obj
 0001:000103a4       __nan2                     100113a4     libucrt:87disp.obj
 0001:000103e3       __rtindfpop                100113e3     libucrt:87disp.obj
 0001:000103e5       __rtindfnpop               100113e5     libucrt:87disp.obj
 0001:000103f6       __rttosnpopde              100113f6     libucrt:87disp.obj
 0001:00010400       __rtatan2inf               10011400     libucrt:87disp.obj
 0001:0001041d       __rtchsifneg               1001141d     libucrt:87disp.obj
 0001:00010430       __twoToTOS                 10011430 f   libucrt:common.obj
 0001:00010445       __load_CW                  10011445 f   libucrt:common.obj
 0001:0001045c       __convertTOStoQNaN         1001145c f   libucrt:common.obj
 0001:00010475       __fload_withFB             10011475 f   libucrt:common.obj
 0001:000104b8       __checkTOS_withFB          100114b8 f   libucrt:common.obj
 0001:000104ce       __fast_exit                100114ce f   libucrt:common.obj
 0001:000104db       __math_exit                100114db f   libucrt:common.obj
 0001:00010505       __check_overflow_exit      10011505 f   libucrt:common.obj
 0001:00010519       __check_range_exit         10011519 f   libucrt:common.obj
 0001:000105c0       __startTwoArgErrorHandling 100115c0 f   libucrt:genexcep.obj
 0001:000105d7       __startOneArgErrorHandling 100115d7 f   libucrt:genexcep.obj
 0001:00010613       ___libm_error_support      10011613 f   libucrt:libm_error.obj
 0001:0001082b       __ceil_default             1001182b f   libucrt:ceil.obj
 0001:000108e4       __clrfp                    100118e4 f   libucrt:fpctrl.obj
 0001:000108f7       __ctrlfp                   100118f7 f   libucrt:fpctrl.obj
 0001:00010923       __set_statfp               10011923 f   libucrt:fpctrl.obj
 0001:0001097e       __statfp                   1001197e f   libucrt:fpctrl.obj
 0001:00010990       __d_inttype                10011990 f   libucrt:powhlp.obj
 0001:000109fa       __powhlp                   100119fa f   libucrt:powhlp.obj
 0001:00010b25       __87except                 10011b25 f   libucrt:87except.obj
 0001:00010c30       __frnd                     10011c30 f   libucrt:frnd.obj
 0001:00010c46       __errcode                  10011c46 f   libucrt:fpexcept.obj
 0001:00010c7a       __except1                  10011c7a f   libucrt:fpexcept.obj
 0001:00010d48       __handle_exc               10011d48 f   libucrt:fpexcept.obj
 0001:00010f28       __raise_exc                10011f28 f   libucrt:fpexcept.obj
 0001:00010f4b       __raise_exc_ex             10011f4b f   libucrt:fpexcept.obj
 0001:0001123c       __set_errno_from_matherr   1001223c f   libucrt:fpexcept.obj
 0001:0001126b       __umatherr                 1001226b f   libucrt:fpexcept.obj
 0001:0001130d       __decomp                   1001230d f   libucrt:util.obj
 0001:000113e1       __set_exp                  100123e1 f   libucrt:util.obj
 0001:00011410       __sptype                   10012410 f   libucrt:util.obj
 0001:0001146e       __fpclass                  1001246e f   libucrt:ieeemisc.obj
 0001:00011512       _IsProcessorFeaturePresent@4 10012512 f   kernel32:KERNEL32.dll
 0001:00011518       _RtlUnwind@16              10012518 f   kernel32:KERNEL32.dll
 0001:0001151e       _SystemFunction036@8       1001251e f   advapi32:ADVAPI32.dll
 0001:00011530       __FindPESection            10012530 f   LIBCMT:pesect.obj
 0001:00011580       __IsNonwritableInCurrentImage 10012580 f   LIBCMT:pesect.obj
 0001:00011640       __ValidateImageBase        10012640 f   LIBCMT:pesect.obj
 0001:00011680       __aulldvrm                 10012680 f   LIBCMT:ulldvrm.obj
 0001:00011720       __SEH_prolog4_GS           10012720 f   LIBCMT:_sehprolg4gs_.obj
 0001:00011769       __SEH_epilog4_GS           10012769 f   LIBCMT:_sehprolg4gs_.obj
 0001:00011780       __allmul                   10012780 f   LIBCMT:llmul.obj
 0001:000117c0       __alldvrm                  100127c0 f   LIBCMT:lldvrm.obj
 0001:000118a0       __aullshr                  100128a0 f   LIBCMT:ullshr.obj
 0001:000118c0       __alloca_probe             100128c0 f   LIBCMT:chkstk.obj
 0001:000118c0       __chkstk                   100128c0 f   LIBCMT:chkstk.obj
 0001:000118f0       __alloca_probe_16          100128f0 f   LIBCMT:alloca16.obj
 0001:00011906       __alloca_probe_8           10012906     LIBCMT:alloca16.obj
 0001:00011920       __allshl                   10012920 f   LIBCMT:llshl.obj
 0001:00011940       __ftol2_sse                10012940 f   LIBCMT:_ftol2_.obj
 0001:00011949       __ftol2_pentium4           10012949 f   LIBCMT:_ftol2_.obj
 0001:0001195c       __ftol2_sse_excpt          1001295c f   LIBCMT:_ftol2_.obj
 0001:00011980       __ftol2                    10012980 f   LIBCMT:_ftol2_.obj
 0001:00011a00       _memcpy                    10012a00 f   libvcruntime:memcpy.obj
 0001:00011f80       _strchr                    10012f80 f   libvcruntime:strchr.obj
 0001:00011fee       ___from_strstr_to_strchr   10012fee     libvcruntime:strchr.obj
 0001:000120b0       _memmove                   100130b0 f   libvcruntime:memmove.obj
 0001:00012630       _strrchr                   10013630 f   libvcruntime:strrchr.obj
 0002:00000000       __imp__SystemFunction036@8 10014000     advapi32:ADVAPI32.dll
 0002:00000004       \177ADVAPI32_NULL_THUNK_DATA 10014004     advapi32:ADVAPI32.dll
 0002:00000008       __imp__DecodePointer@4     10014008     kernel32:KERNEL32.dll
 0002:0000000c       __imp__CreateFileW@28      1001400c     kernel32:KERNEL32.dll
 0002:00000010       __imp__SetFilePointerEx@20 10014010     kernel32:KERNEL32.dll
 0002:00000014       __imp__SetStdHandle@8      10014014     kernel32:KERNEL32.dll
 0002:00000018       __imp__HeapReAlloc@16      10014018     kernel32:KERNEL32.dll
 0002:0000001c       __imp__HeapSize@12         1001401c     kernel32:KERNEL32.dll
 0002:00000020       __imp__GetConsoleMode@8    10014020     kernel32:KERNEL32.dll
 0002:00000024       __imp__GetConsoleCP@0      10014024     kernel32:KERNEL32.dll
 0002:00000028       __imp__FlushFileBuffers@4  10014028     kernel32:KERNEL32.dll
 0002:0000002c       __imp__GetStringTypeW@16   1001402c     kernel32:KERNEL32.dll
 0002:00000030       __imp__GetCommandLineW@0   10014030     kernel32:KERNEL32.dll
 0002:00000034       __imp__GetCommandLineA@0   10014034     kernel32:KERNEL32.dll
 0002:00000038       __imp__GetProcessHeap@0    10014038     kernel32:KERNEL32.dll
 0002:0000003c       __imp__FreeEnvironmentStringsW@4 1001403c     kernel32:KERNEL32.dll
 0002:00000040       __imp__GetEnvironmentStringsW@0 10014040     kernel32:KERNEL32.dll
 0002:00000044       __imp__GetCPInfo@8         10014044     kernel32:KERNEL32.dll
 0002:00000048       __imp__GetOEMCP@0          10014048     kernel32:KERNEL32.dll
 0002:0000004c       __imp__IsValidCodePage@4   1001404c     kernel32:KERNEL32.dll
 0002:00000050       __imp__LCMapStringW@24     10014050     kernel32:KERNEL32.dll
 0002:00000054       __imp__GetACP@0            10014054     kernel32:KERNEL32.dll
 0002:00000058       __imp__CreateThread@24     10014058     kernel32:KERNEL32.dll
 0002:0000005c       __imp__WaitForSingleObjectEx@12 1001405c     kernel32:KERNEL32.dll
 0002:00000060       __imp__CloseHandle@4       10014060     kernel32:KERNEL32.dll
 0002:00000064       __imp__OutputDebugStringW@4 10014064     kernel32:KERNEL32.dll
 0002:00000068       __imp__WriteFile@20        10014068     kernel32:KERNEL32.dll
 0002:0000006c       __imp__HeapAlloc@12        1001406c     kernel32:KERNEL32.dll
 0002:00000070       __imp__HeapFree@12         10014070     kernel32:KERNEL32.dll
 0002:00000074       __imp__WideCharToMultiByte@32 10014074     kernel32:KERNEL32.dll
 0002:00000078       __imp__MultiByteToWideChar@24 10014078     kernel32:KERNEL32.dll
 0002:0000007c       __imp__ExitProcess@4       1001407c     kernel32:KERNEL32.dll
 0002:00000080       __imp__WriteConsoleW@20    10014080     kernel32:KERNEL32.dll
 0002:00000084       __imp__GetModuleHandleExW@12 10014084     kernel32:KERNEL32.dll
 0002:00000088       __imp__GetFileType@4       10014088     kernel32:KERNEL32.dll
 0002:0000008c       __imp__GetStdHandle@4      1001408c     kernel32:KERNEL32.dll
 0002:00000090       __imp__RtlUnwind@16        10014090     kernel32:KERNEL32.dll
 0002:00000094       __imp__LoadLibraryExW@12   10014094     kernel32:KERNEL32.dll
 0002:00000098       __imp__GetProcAddress@8    10014098     kernel32:KERNEL32.dll
 0002:0000009c       __imp__FreeLibrary@4       1001409c     kernel32:KERNEL32.dll
 0002:000000a0       __imp__TlsFree@4           100140a0     kernel32:KERNEL32.dll
 0002:000000a4       __imp__TlsSetValue@8       100140a4     kernel32:KERNEL32.dll
 0002:000000a8       __imp__TlsGetValue@4       100140a8     kernel32:KERNEL32.dll
 0002:000000ac       __imp__TlsAlloc@0          100140ac     kernel32:KERNEL32.dll
 0002:000000b0       __imp__InitializeCriticalSectionAndSpinCount@8 100140b0     kernel32:KERNEL32.dll
 0002:000000b4       __imp__DeleteCriticalSection@4 100140b4     kernel32:KERNEL32.dll
 0002:000000b8       __imp__LeaveCriticalSection@4 100140b8     kernel32:KERNEL32.dll
 0002:000000bc       __imp__EnterCriticalSection@4 100140bc     kernel32:KERNEL32.dll
 0002:000000c0       __imp__SetLastError@4      100140c0     kernel32:KERNEL32.dll
 0002:000000c4       __imp__InterlockedFlushSList@4 100140c4     kernel32:KERNEL32.dll
 0002:000000c8       __imp__RaiseException@16   100140c8     kernel32:KERNEL32.dll
 0002:000000cc       __imp__GetModuleFileNameW@12 100140cc     kernel32:KERNEL32.dll
 0002:000000d0       __imp__GetLastError@0      100140d0     kernel32:KERNEL32.dll
 0002:000000d4       __imp__InitializeSListHead@4 100140d4     kernel32:KERNEL32.dll
 0002:000000d8       __imp__GetSystemTimeAsFileTime@4 100140d8     kernel32:KERNEL32.dll
 0002:000000dc       __imp__GetCurrentThreadId@0 100140dc     kernel32:KERNEL32.dll
 0002:000000e0       __imp__GetCurrentProcessId@0 100140e0     kernel32:KERNEL32.dll
 0002:000000e4       __imp__QueryPerformanceCounter@4 100140e4     kernel32:KERNEL32.dll
 0002:000000e8       __imp__GetModuleHandleW@4  100140e8     kernel32:KERNEL32.dll
 0002:000000ec       __imp__GetStartupInfoW@4   100140ec     kernel32:KERNEL32.dll
 0002:000000f0       __imp__IsDebuggerPresent@0 100140f0     kernel32:KERNEL32.dll
 0002:000000f4       __imp__IsProcessorFeaturePresent@4 100140f4     kernel32:KERNEL32.dll
 0002:000000f8       __imp__TerminateProcess@8  100140f8     kernel32:KERNEL32.dll
 0002:000000fc       __imp__UnhandledExceptionFilter@4 100140fc     kernel32:KERNEL32.dll
 0002:00000100       __imp__SetUnhandledExceptionFilter@4 10014100     kernel32:KERNEL32.dll
 0002:00000104       __imp__GetCurrentProcess@0 10014104     kernel32:KERNEL32.dll
 0002:00000108       \177KERNEL32_NULL_THUNK_DATA 10014108     kernel32:KERNEL32.dll
 0002:0000010c       __imp_?ToString@Value@v8@@QBE?AV?$Local@VString@v8@@@2@XZ 1001410c     node:node.dll
 0002:00000110       __imp_?ToObject@Value@v8@@QBE?AV?$Local@VObject@v8@@@2@XZ 10014110     node:node.dll
 0002:00000114       __imp__node_module_register 10014114     node:node.dll
 0002:00000118       __imp_?New@ObjectTemplate@v8@@SA?AV?$Local@VObjectTemplate@v8@@@2@PAVIsolate@2@V?$Local@VFunctionTemplate@v8@@@2@@Z 10014118     node:node.dll
 0002:0000011c       __imp_?NewInstance@ObjectTemplate@v8@@QAE?AV?$MaybeLocal@VObject@v8@@@2@V?$Local@VContext@v8@@@2@@Z 1001411c     node:node.dll
 0002:00000120       __imp_?SetHandler@ObjectTemplate@v8@@QAEXABUNamedPropertyHandlerConfiguration@2@@Z 10014120     node:node.dll
 0002:00000124       __imp_?SetAccessCheckCallbacks@ObjectTemplate@v8@@QAEXP6A_NV?$Local@VObject@v8@@@2@V?$Local@VValue@v8@@@2@W4AccessType@2@1@ZP6A_N0I21@Z1@Z 10014124     node:node.dll
 0002:00000128       __imp_?SetInternalFieldCount@ObjectTemplate@v8@@QAEXH@Z 10014128     node:node.dll
 0002:0000012c       __imp_?NewInstance@Function@v8@@QBE?AV?$Local@VObject@v8@@@2@XZ 1001412c     node:node.dll
 0002:00000130       __imp_?SetName@Function@v8@@QAEXV?$Local@VString@v8@@@2@@Z 10014130     node:node.dll
 0002:00000134       __imp_?Set@Object@v8@@QAE_NV?$Local@VValue@v8@@@2@0@Z 10014134     node:node.dll
 0002:00000138       __imp_?Delete@Object@v8@@QAE_NV?$Local@VValue@v8@@@2@@Z 10014138     node:node.dll
 0002:0000013c       __imp_?GetPropertyNames@Object@v8@@QAE?AV?$Local@VArray@v8@@@2@XZ 1001413c     node:node.dll
 0002:00000140       __imp_?GetConstructorName@Object@v8@@QAE?AV?$Local@VString@v8@@@2@XZ 10014140     node:node.dll
 0002:00000144       __imp_?InternalFieldCount@Object@v8@@QAEHXZ 10014144     node:node.dll
 0002:00000148       __imp_?SetInternalField@Object@v8@@QAEXHV?$Local@VValue@v8@@@2@@Z 10014148     node:node.dll
 0002:0000014c       __imp_?SetAlignedPointerInInternalField@Object@v8@@QAEXHPAX@Z 1001414c     node:node.dll
 0002:00000150       __imp_?GetRealNamedProperty@Object@v8@@QAE?AV?$Local@VValue@v8@@@2@V?$Local@VString@v8@@@2@@Z 10014150     node:node.dll
 0002:00000154       __imp_?SlowGetInternalField@Object@v8@@AAE?AV?$Local@VValue@v8@@@2@H@Z 10014154     node:node.dll
 0002:00000158       __imp_?SlowGetAlignedPointerFromInternalField@Object@v8@@AAEPAXH@Z 10014158     node:node.dll
 0002:0000015c       __imp_?NewFromUtf8@String@v8@@SA?AV?$MaybeLocal@VString@v8@@@2@PAVIsolate@2@PBDW4NewStringType@2@H@Z 1001415c     node:node.dll
 0002:00000160       __imp_?Run@Script@v8@@QAE?AV?$MaybeLocal@VValue@v8@@@2@V?$Local@VContext@v8@@@2@@Z 10014160     node:node.dll
 0002:00000164       __imp_??0EscapableHandleScope@v8@@QAE@PAVIsolate@1@@Z 10014164     node:node.dll
 0002:00000168       __imp_?Escape@EscapableHandleScope@v8@@AAEPAPAVObject@internal@2@PAPAV342@@Z 10014168     node:node.dll
 0002:0000016c       __imp_??0TryCatch@v8@@QAE@PAVIsolate@1@@Z 1001416c     node:node.dll
 0002:00000170       __imp_??1TryCatch@v8@@QAE@XZ 10014170     node:node.dll
 0002:00000174       __imp_?ReThrow@TryCatch@v8@@QAE?AV?$Local@VValue@v8@@@2@XZ 10014174     node:node.dll
 0002:00000178       __imp_?IsObject@Value@v8@@QBE_NXZ 10014178     node:node.dll
 0002:0000017c       __imp_?ToInteger@Value@v8@@QBE?AV?$MaybeLocal@VInteger@v8@@@2@V?$Local@VContext@v8@@@2@@Z 1001417c     node:node.dll
 0002:00000180       __imp_?GlobalizeReference@V8@v8@@CAPAPAVObject@internal@2@PAVIsolate@42@PAPAV342@@Z 10014180     node:node.dll
 0002:00000184       __imp_?DisposeGlobal@V8@v8@@CAXPAPAVObject@internal@2@@Z 10014184     node:node.dll
 0002:00000188       __imp_?MakeWeak@V8@v8@@CAXPAPAVObject@internal@2@PAXP6AXABV?$WeakCallbackInfo@X@2@@ZW4WeakCallbackType@2@@Z 10014188     node:node.dll
 0002:0000018c       __imp_?ClearWeak@V8@v8@@CAPAXPAPAVObject@internal@2@@Z 1001418c     node:node.dll
 0002:00000190       __imp_?ToLocalEmpty@V8@v8@@CAXXZ 10014190     node:node.dll
 0002:00000194       __imp_?New@FunctionTemplate@v8@@SA?AV?$Local@VFunctionTemplate@v8@@@2@PAVIsolate@2@P6AXABV?$FunctionCallbackInfo@VValue@v8@@@2@@ZV?$Local@VValue@v8@@@2@V?$Local@VSignature@v8@@@2@H@Z 10014194     node:node.dll
 0002:00000198       __imp_?GetFunction@FunctionTemplate@v8@@QAE?AV?$MaybeLocal@VFunction@v8@@@2@V?$Local@VContext@v8@@@2@@Z 10014198     node:node.dll
 0002:0000019c       __imp_?GetFunction@FunctionTemplate@v8@@QAE?AV?$Local@VFunction@v8@@@2@XZ 1001419c     node:node.dll
 0002:000001a0       __imp_?InstanceTemplate@FunctionTemplate@v8@@QAE?AV?$Local@VObjectTemplate@v8@@@2@XZ 100141a0     node:node.dll
 0002:000001a4       __imp_?PrototypeTemplate@FunctionTemplate@v8@@QAE?AV?$Local@VObjectTemplate@v8@@@2@XZ 100141a4     node:node.dll
 0002:000001a8       __imp_?SetClassName@FunctionTemplate@v8@@QAEXV?$Local@VString@v8@@@2@@Z 100141a8     node:node.dll
 0002:000001ac       __imp_?SetHiddenPrototype@FunctionTemplate@v8@@QAEX_N@Z 100141ac     node:node.dll
 0002:000001b0       __imp_?HasInstance@FunctionTemplate@v8@@QAE_NV?$Local@VValue@v8@@@2@@Z 100141b0     node:node.dll
 0002:000001b4       __imp_?BindToCurrentContext@UnboundScript@v8@@QAE?AV?$Local@VScript@v8@@@2@XZ 100141b4     node:node.dll
 0002:000001b8       __imp_?New@Array@v8@@SA?AV?$Local@VArray@v8@@@2@PAVIsolate@2@H@Z 100141b8     node:node.dll
 0002:000001bc       __imp_?TypeError@Exception@v8@@SA?AV?$Local@VValue@v8@@@2@V?$Local@VString@v8@@@2@@Z 100141bc     node:node.dll
 0002:000001c0       __imp_?Error@Exception@v8@@SA?AV?$Local@VValue@v8@@@2@V?$Local@VString@v8@@@2@@Z 100141c0     node:node.dll
 0002:000001c4       __imp_?Set@Template@v8@@QAEXV?$Local@VName@v8@@@2@V?$Local@VData@v8@@@2@W4PropertyAttribute@2@@Z 100141c4     node:node.dll
 0002:000001c8       __imp_??0HandleScope@v8@@QAE@PAVIsolate@1@@Z 100141c8     node:node.dll
 0002:000001cc       __imp_??1HandleScope@v8@@QAE@XZ 100141cc     node:node.dll
 0002:000001d0       __imp_?CreateHandle@HandleScope@v8@@CAPAPAVObject@internal@2@PAVHeapObject@42@PAV342@@Z 100141d0     node:node.dll
 0002:000001d4       __imp_?CreateHandle@HandleScope@v8@@KAPAPAVObject@internal@2@PAVIsolate@42@PAV342@@Z 100141d4     node:node.dll
 0002:000001d8       __imp_?CompileUnboundScript@ScriptCompiler@v8@@SA?AV?$MaybeLocal@VUnboundScript@v8@@@2@PAVIsolate@2@PAVSource@12@W4CompileOptions@12@@Z 100141d8     node:node.dll
 0002:000001dc       __imp_?Compile@ScriptCompiler@v8@@SA?AV?$MaybeLocal@VScript@v8@@@2@V?$Local@VContext@v8@@@2@PAVSource@12@W4CompileOptions@12@@Z 100141dc     node:node.dll
 0002:000001e0       __imp_??1CachedData@ScriptCompiler@v8@@QAE@XZ 100141e0     node:node.dll
 0002:000001e4       __imp_?GetCurrent@Isolate@v8@@SAPAV12@XZ 100141e4     node:node.dll
 0002:000001e8       __imp_?GetCurrentContext@Isolate@v8@@QAE?AV?$Local@VContext@v8@@@2@XZ 100141e8     node:node.dll
 0002:000001ec       __imp_?ThrowException@Isolate@v8@@QAE?AV?$Local@VValue@v8@@@2@V32@@Z 100141ec     node:node.dll
 0002:000001f0       __imp_?ContextDisposedNotification@Isolate@v8@@QAEH_N@Z 100141f0     node:node.dll
 0002:000001f4       __imp_?New@Signature@v8@@SA?AV?$Local@VSignature@v8@@@2@PAVIsolate@2@V?$Local@VFunctionTemplate@v8@@@2@@Z 100141f4     node:node.dll
 0002:000001f8       __imp_?New@Integer@v8@@SA?AV?$Local@VInteger@v8@@@2@PAVIsolate@2@H@Z 100141f8     node:node.dll
 0002:000001fc       __imp_?New@External@v8@@SA?AV?$Local@VExternal@v8@@@2@PAVIsolate@2@PAX@Z 100141fc     node:node.dll
 0002:00000200       __imp_?Value@External@v8@@QBEPAXXZ 10014200     node:node.dll
[...]
 0002:00000220       ??constructor$initializer$@ContextWrap@@0P6AXXZA@@3P6AXXZA 10014220     contextify.obj
 0002:00000224       ??jsTmpl$initializer$@ContextifyContext@@2P6AXXZA@@3P6AXXZA 10014224     contextify.obj
 0002:00000228       ??scriptTmpl$initializer$@ContextifyScript@@2P6AXXZA@@3P6AXXZA 10014228     contextify.obj
 0002:0000022c       ??functionTemplate$initializer$@ContextWrap@@0P6AXXZA@@3P6AXXZA 1001422c     contextify.obj
 0002:00000274       _GS_ExceptionPointers      10014274     LIBCMT:gs_report.obj
 0002:00000310       ?ExceptionTemplate@?1??_CxxThrowException@@9@8@4UEHExceptionRecord@@B 10014310     libvcruntime:throw.obj
 0002:00000330       ?module_names@?A0x4d80baa5@@3QBQB_WB 10014330     libvcruntime:winapi_downlevel.obj
 0002:000003e0       ?candidate_modules@?1??try_get_EventRegister@@YAP6GKPBU_GUID@@P6GX0KE_K1PAU_EVENT_FILTER_DESCRIPTOR@@PAX@Z3PA_K@ZXZ@4QBW4module_id@?A0x4d80baa5@@B 100143e0     libvcruntime:winapi_downlevel.obj
 0002:000003f4       ?candidate_modules@?1??try_get_EventSetInformation@@YAP6GK_KW4_EVENT_INFO_CLASS@@PAXK@ZXZ@4QBW4module_id@?A0x4d80baa5@@B 100143f4     libvcruntime:winapi_downlevel.obj
 0002:0000040c       ?candidate_modules@?1??try_get_EventUnregister@@YAP6GK_K@ZXZ@4QBW4module_id@?A0x4d80baa5@@B 1001440c     libvcruntime:winapi_downlevel.obj
 0002:00000420       ?candidate_modules@?1??try_get_EventWriteTransfer@@YAP6GK_KPBU_EVENT_DESCRIPTOR@@PBU_GUID@@2KPAU_EVENT_DATA_DESCRIPTOR@@@ZXZ@4QBW4module_id@?A0x4d80baa5@@B 10014420     libvcruntime:winapi_downlevel.obj
 0002:00000438       ?candidate_modules@?1??try_get_FlsAlloc@@YAP6GKP6GXPAX@Z@ZXZ@4QBW4module_id@?A0x4d80baa5@@B 10014438     libvcruntime:winapi_downlevel.obj
 0002:0000044c       ?candidate_modules@?1??try_get_FlsFree@@YAP6GHK@ZXZ@4QBW4module_id@?A0x4d80baa5@@B 1001444c     libvcruntime:winapi_downlevel.obj
 0002:0000045c       ?candidate_modules@?1??try_get_FlsGetValue@@YAP6GPAXK@ZXZ@4QBW4module_id@?A0x4d80baa5@@B 1001445c     libvcruntime:winapi_downlevel.obj
 0002:00000470       ?candidate_modules@?1??try_get_FlsSetValue@@YAP6GHKPAX@ZXZ@4QBW4module_id@?A0x4d80baa5@@B 10014470     libvcruntime:winapi_downlevel.obj
 0002:00000484       ?candidate_modules@?1??try_get_InitializeCriticalSectionEx@@YAP6GHPAU_RTL_CRITICAL_SECTION@@KK@ZXZ@4QBW4module_id@?A0x4d80baa5@@B 10014484     libvcruntime:winapi_downlevel.obj
 0002:000004a8       ?tokenTable@@3QBQBDB       100144a8     libvcruntime:undname.obj
 0002:000004e0       ?nameTable@@3QBQBDB        100144e0     libvcruntime:undname.obj
 0002:00000624       ?rttiTable@@3QBQBDB        10014624     libvcruntime:undname.obj
 0002:00000f88       ___acrt_initializers       10014f88     libucrt:initialization.obj
 0002:00001078       _errtable                  10015078     libucrt:errno.obj
 0002:000016a8       _module_names              100156a8     libucrt:winapi_thunks.obj
 0002:00001b48       ?candidate_modules@?1??try_get_FlsAlloc@@YAP6GKP6GXPAX@Z@ZXZ@4QBW4module_id@?A0x9b56aee1@@B 10015b48     libucrt:winapi_thunks.obj
 0002:00001b50       ?candidate_modules@?1??try_get_FlsFree@@YAP6GHK@ZXZ@4QBW4module_id@?A0x9b56aee1@@B 10015b50     libucrt:winapi_thunks.obj
 0002:00001b58       ?candidate_modules@?1??try_get_FlsGetValue@@YAP6GPAXK@ZXZ@4QBW4module_id@?A0x9b56aee1@@B 10015b58     libucrt:winapi_thunks.obj
 0002:00001b60       ?candidate_modules@?1??try_get_FlsSetValue@@YAP6GHKPAX@ZXZ@4QBW4module_id@?A0x9b56aee1@@B 10015b60     libucrt:winapi_thunks.obj
 0002:00001b68       ?candidate_modules@?1??try_get_GetActiveWindow@@YAP6GPAUHWND__@@XZXZ@4QBW4module_id@?A0x9b56aee1@@B 10015b68     libucrt:winapi_thunks.obj
 0002:00001b80       ?candidate_modules@?1??try_get_GetCurrentPackageId@@YAP6GJPAIPAE@ZXZ@4QBW4module_id@?A0x9b56aee1@@B 10015b80     libucrt:winapi_thunks.obj
 0002:00001b9c       ?candidate_modules@?1??try_get_GetLastActivePopup@@YAP6GPAUHWND__@@PAU2@@ZXZ@4QBW4module_id@?A0x9b56aee1@@B 10015b9c     libucrt:winapi_thunks.obj
 0002:00001bb8       ?candidate_modules@?1??try_get_GetProcessWindowStation@@YAP6GPAUHWINSTA__@@XZXZ@4QBW4module_id@?A0x9b56aee1@@B 10015bb8     libucrt:winapi_thunks.obj
 0002:00001bd8       ?candidate_modules@?1??try_get_GetUserObjectInformationW@@YAP6GHPAXH0KPAK@ZXZ@4QBW4module_id@?A0x9b56aee1@@B 10015bd8     libucrt:winapi_thunks.obj
 0002:00001bfc       ?candidate_modules@?1??try_get_InitializeCriticalSectionEx@@YAP6GHPAU_RTL_CRITICAL_SECTION@@KK@ZXZ@4QBW4module_id@?A0x9b56aee1@@B 10015bfc     libucrt:winapi_thunks.obj
 0002:00001c04       ?candidate_modules@?1??try_get_LCMapStringEx@@YAP6GHPB_WK0HPA_WHPAU_nlsversioninfo@@PAXJ@ZXZ@4QBW4module_id@?A0x9b56aee1@@B 10015c04     libucrt:winapi_thunks.obj
 0002:00001c1c       ?candidate_modules@?1??try_get_LocaleNameToLCID@@YAP6GKPB_WK@ZXZ@4QBW4module_id@?A0x9b56aee1@@B 10015c1c     libucrt:winapi_thunks.obj
 0002:00001c38       ?candidate_modules@?1??try_get_MessageBoxA@@YAP6GHPAUHWND__@@PBD1I@ZXZ@4QBW4module_id@?A0x9b56aee1@@B 10015c38     libucrt:winapi_thunks.obj
 0002:00001c4c       ?candidate_modules@?1??try_get_MessageBoxW@@YAP6GHPAUHWND__@@PB_W1I@ZXZ@4QBW4module_id@?A0x9b56aee1@@B 10015c4c     libucrt:winapi_thunks.obj
 0002:00001c60       __mb_locale_names          10015c60     libucrt:mbctype.obj
 0002:000024f8       _LcidToLocaleNameTable     100164f8     libucrt:lcidtoname_downlevel.obj
 0002:00003618       _LocaleNameToIndexTable    10017618     libucrt:lcidtoname_downlevel.obj
 0002:00004f50       LOG_name                   10018f50     libucrt:log10.obj
 0002:00004f60       _One                       10018f60     libucrt:ceil_pentium4.obj
 0002:00004f70       _Bns                       10018f70     libucrt:ceil_pentium4.obj
 0002:00004f80       _Zero                      10018f80     libucrt:ceil_pentium4.obj
 0002:00004f90       _S                         10018f90     libucrt:ceil_pentium4.obj
 0002:00004fa0       _NegZero                   10018fa0     libucrt:ceil_pentium4.obj
 0002:00004fc0       emask                      10018fc0     libucrt:log10_pentium4.obj
 0002:00004fd0       CC                         10018fd0     libucrt:log10_pentium4.obj
 0002:00004fe0       Magic                      10018fe0     libucrt:log10_pentium4.obj
 0002:00004ff0       hi_mask                    10018ff0     libucrt:log10_pentium4.obj
 0002:00005000       LOG10_2                    10019000     libucrt:log10_pentium4.obj
 0002:00005010       place_L                    10019010     libucrt:log10_pentium4.obj
 0002:00005030       One                        10019030     libucrt:log10_pentium4.obj
 0002:00005040       Zero                       10019040     libucrt:log10_pentium4.obj
 0002:00005050       Two52                      10019050     libucrt:log10_pentium4.obj
 0002:00005060       Infs                       10019060     libucrt:log10_pentium4.obj
 0002:00005070       NaN                        10019070     libucrt:log10_pentium4.obj
 0002:00005080       coeff                      10019080     libucrt:log10_pentium4.obj
 0002:000050de       _log2max                   100190de     libucrt:87tran.obj
 0002:000050e8       _smallarg                  100190e8     libucrt:87tran.obj
 0002:000050f2       _half                      100190f2     libucrt:87tran.obj
 0002:0000513e       One                        1001913e     libucrt:87disp.obj
 0002:00005146       Three                      10019146     libucrt:87disp.obj
 0002:0000514e       XAMtoTagTab                1001914e     libucrt:87disp.obj
 0002:00005160       One                        10019160     libucrt:common.obj
 0002:00005174       DblMax                     10019174     libucrt:common.obj
 0002:0000517c       DblMin                     1001917c     libucrt:common.obj
 0002:00005184       IeeeAdjO                   10019184     libucrt:common.obj
 0002:0000518c       IeeeAdjU                   1001918c     libucrt:common.obj
 0002:00005194       _infinity                  10019194     libucrt:common.obj
 0002:0000519c       _zero                      1001919c     libucrt:common.obj
 0002:000051d8       _over                      100191d8     libucrt:fpctrl.obj
 0002:000051e4       _under                     100191e4     libucrt:fpctrl.obj
 0002:00005aa8       ?_names@?1??_get_fname@@9@9 10019aa8     libucrt:fpexcept.obj
 0002:00006230       ?_TlgEvent@?3??__telemetry_main_invoke_trigger@@9@4U<unnamed-type-_TlgEvent>@?3??1@9@B 1001a230     libvcruntime:telemetry.obj
 0002:0000626c       ?_TlgEvent@?3??__telemetry_main_return_trigger@@9@4U<unnamed-type-_TlgEvent>@?3??1@9@B 1001a26c     libvcruntime:telemetry.obj
 0002:000062a7       ?_Tlg_Microsoft_CRTProviderProv_Meta@@3U<unnamed-type-_Tlg_Microsoft_CRTProviderProv_Meta>@@B 1001a2a7     libvcruntime:telemetry.obj
 0002:000066a0       __sehtable$___scrt_is_nonwritable_in_current_image 1001a6a0     LIBCMT:utility.obj
 0002:000066c0       __sehtable$?dllmain_crt_process_attach@@YAHQAUHINSTANCE__@@QAX@Z 1001a6c0     LIBCMT:dll_dllmain.obj
 0002:000066e0       __sehtable$?dllmain_crt_process_detach@@YAH_N@Z 1001a6e0     LIBCMT:dll_dllmain.obj
 0002:00006700       __sehtable$?dllmain_dispatch@@YAHQAUHINSTANCE__@@KQAX@Z 1001a700     LIBCMT:dll_dllmain.obj
 0002:000067b0       __sehtable$__query_new_handler 1001a7b0     libucrt:new_handler.obj
 0002:000067d0       __sehtable$?common_exit@@YAXHW4_crt_exit_cleanup_mode@@W4_crt_exit_return_mode@@@Z 1001a7d0     libucrt:exit.obj
 0002:000067f8       __sehtable$??$?RV<lambda_800076c951b434888f4765a74a194fcc>@@AAV<lambda_4e60a939b0d047cfe11ddc22648dfba9>@@V<lambda_6dbb1268764f43b569ce7b67e331d33a>@@@?$__crt_seh_guarded_call@H@@QAEH$$QAV<lambda_800076c951b434888f4765a74a194fcc>@@AAV<lambda_4e60a939b0d047cfe11ddc22648dfba9>@@$$QAV<lambda_6dbb1268764f43b569ce7b67e331d33a>@@@Z 1001a7f8     libucrt:onexit.obj
 0002:00006818       __sehtable$??$?RV<lambda_995298e7d72eb4c2aab26c0585b3abe5>@@AAV<lambda_275893d493268fdec8709772e3fcec0e>@@V<lambda_293819299cbf9a7022e18b56a874bb5c>@@@?$__crt_seh_guarded_call@H@@QAEH$$QAV<lambda_995298e7d72eb4c2aab26c0585b3abe5>@@AAV<lambda_275893d493268fdec8709772e3fcec0e>@@$$QAV<lambda_293819299cbf9a7022e18b56a874bb5c>@@@Z 1001a818     libucrt:onexit.obj
 0002:00006838       __sehtable$_terminate      1001a838     libucrt:terminate.obj
 0002:00006858       __sehtable$??$?RV<lambda_ab9923ffb5d694ec0d78876dd103e44f>@@AAV<lambda_481dd5778c961fbcd3b60b650e9b9dc4>@@V<lambda_7923d86c9e3f319b415918ec4b39749c>@@@?$__crt_seh_guarded_call@H@@QAEH$$QAV<lambda_ab9923ffb5d694ec0d78876dd103e44f>@@AAV<lambda_481dd5778c961fbcd3b60b650e9b9dc4>@@$$QAV<lambda_7923d86c9e3f319b415918ec4b39749c>@@@Z 1001a858     libucrt:output.obj
 0002:00006878       __sehtable$_fflush         1001a878     libucrt:fflush.obj
 0002:00006898       __sehtable$_common_flush_all 1001a898     libucrt:fflush.obj
 0002:000068c0       __sehtable$??$?RV<lambda_d92cfe8357b99225085016881b624cb0>@@AAV<lambda_b721fa326cdb32351d23dfa67958c160>@@V<lambda_42d75b0848218ec137fa420c8ba9fdf9>@@@?$__crt_seh_guarded_call@H@@QAEH$$QAV<lambda_d92cfe8357b99225085016881b624cb0>@@AAV<lambda_b721fa326cdb32351d23dfa67958c160>@@$$QAV<lambda_42d75b0848218ec137fa420c8ba9fdf9>@@@Z 1001a8c0     libucrt:setvbuf.obj
 0002:000068e0       __sehtable$_raise          1001a8e0     libucrt:signal.obj
 0002:00006900       __sehtable$??$?RV<lambda_a048d3beccc847880fc8490e18b82769>@@AAV<lambda_ec61778202f4f5fc7e7711acc23c3bca>@@V<lambda_f7496a158712204296dd6628a163878e>@@@?$__crt_seh_guarded_call@P6AXH@Z@@QAEP6AXH@Z$$QAV<lambda_a048d3beccc847880fc8490e18b82769>@@AAV<lambda_ec61778202f4f5fc7e7711acc23c3bca>@@$$QAV<lambda_f7496a158712204296dd6628a163878e>@@@Z 1001a900     libucrt:signal.obj
 0002:00006920       __sehtable$??$?RV<lambda_9df27f884b057bc3edfc946cb5b7cf47>@@AAV<lambda_e69574bed617af4e071282c136b37893>@@V<lambda_cc0d902bcbbeb830f749456577db4721>@@@?$__crt_seh_guarded_call@X@@QAEX$$QAV<lambda_9df27f884b057bc3edfc946cb5b7cf47>@@AAV<lambda_e69574bed617af4e071282c136b37893>@@$$QAV<lambda_cc0d902bcbbeb830f749456577db4721>@@@Z 1001a920     libucrt:per_thread_data.obj
 0002:00006940       __sehtable$??$?RV<lambda_3518db117f0e7cdb002338c5d3c47b6c>@@AAV<lambda_b2ea41f6bbb362cd97d94c6828d90b61>@@V<lambda_abdedf541bb04549bc734292b4a045d4>@@@?$__crt_seh_guarded_call@X@@QAEX$$QAV<lambda_3518db117f0e7cdb002338c5d3c47b6c>@@AAV<lambda_b2ea41f6bbb362cd97d94c6828d90b61>@@$$QAV<lambda_abdedf541bb04549bc734292b4a045d4>@@@Z 1001a940     libucrt:per_thread_data.obj
 0002:00006960       __sehtable$??$?RV<lambda_51b6e8b1eb166f2a3faf91f424b38130>@@AAV<lambda_6250bd4b2a391816dd638c3bf72b0bcb>@@V<lambda_0b5a4a3e68152e1d9b943535f5f47bed>@@@?$__crt_seh_guarded_call@X@@QAEX$$QAV<lambda_51b6e8b1eb166f2a3faf91f424b38130>@@AAV<lambda_6250bd4b2a391816dd638c3bf72b0bcb>@@$$QAV<lambda_0b5a4a3e68152e1d9b943535f5f47bed>@@@Z 1001a960     libucrt:per_thread_data.obj
 0002:00006980       __sehtable$??$?RV<lambda_5b71d36f03204c0beab531769a5b5694>@@AAV<lambda_be2b3da3f62db62e9dad5dc70221a656>@@V<lambda_8f9ce462984622f9bf76b59e2aaaf805>@@@?$__crt_seh_guarded_call@X@@QAEX$$QAV<lambda_5b71d36f03204c0beab531769a5b5694>@@AAV<lambda_be2b3da3f62db62e9dad5dc70221a656>@@$$QAV<lambda_8f9ce462984622f9bf76b59e2aaaf805>@@@Z 1001a980     libucrt:per_thread_data.obj
 0002:000069a0       __sehtable$___acrt_uninitialize_locale 1001a9a0     libucrt:wsetlocale.obj
 0002:000069c0       __sehtable$___acrt_update_thread_multibyte_data 1001a9c0     libucrt:mbctype.obj
 0002:000069e0       __sehtable$??$?RV<lambda_978dc153c237d78434369da87b74ff60>@@AAV<lambda_ad1ced32f4ac17aa236e5ef05d6b3b7c>@@V<lambda_4a8533e2866a575feecb8298ce776b0d>@@@?$__crt_seh_guarded_call@X@@QAEX$$QAV<lambda_978dc153c237d78434369da87b74ff60>@@AAV<lambda_ad1ced32f4ac17aa236e5ef05d6b3b7c>@@$$QAV<lambda_4a8533e2866a575feecb8298ce776b0d>@@@Z 1001a9e0     libucrt:mbctype.obj
 0002:00006a00       __sehtable$___acrt_initialize_lowio 1001aa00     libucrt:ioinit.obj
 0002:00006a20       __sehtable$__fcloseall     1001aa20     libucrt:closeall.obj
 0002:00006a40       __sehtable$??$?RV<lambda_61cee617f5178ae960314fd4d05640a0>@@AAV<lambda_6978c1fb23f02e42e1d9e99668cc68aa>@@V<lambda_9cd88cf8ad10232537feb2133f08c833>@@@?$__crt_seh_guarded_call@H@@QAEH$$QAV<lambda_61cee617f5178ae960314fd4d05640a0>@@AAV<lambda_6978c1fb23f02e42e1d9e99668cc68aa>@@$$QAV<lambda_9cd88cf8ad10232537feb2133f08c833>@@@Z 1001aa40     libucrt:commit.obj
 0002:00006a60       __sehtable$__write         1001aa60     libucrt:write.obj
 0002:00006a80       __sehtable$___acrt_update_thread_locale_data 1001aa80     libucrt:locale_refcounting.obj
 0002:00006aa0       __sehtable$___acrt_lowio_ensure_fh_exists 1001aaa0     libucrt:osfinfo.obj
 0002:00006ac0       __sehtable$_fclose         1001aac0     libucrt:fclose.obj
 0002:00006ae0       __sehtable$??$common_lseek@_J@@YA_JH_JH@Z 1001aae0     libucrt:lseek.obj
 0002:00006b00       __sehtable$??$?RV<lambda_123407a5e2ac06da108355a851863b7a>@@AAV<lambda_2fe9b910cf3cbf4a0ab98a02ba45b3ec>@@V<lambda_ae55bdf541ad94d75914d381c370e64d>@@@?$__crt_seh_guarded_call@H@@QAEH$$QAV<lambda_123407a5e2ac06da108355a851863b7a>@@AAV<lambda_2fe9b910cf3cbf4a0ab98a02ba45b3ec>@@$$QAV<lambda_ae55bdf541ad94d75914d381c370e64d>@@@Z 1001ab00     libucrt:close.obj
 0002:00006b20       __sehtable$__IsNonwritableInCurrentImage 1001ab20     LIBCMT:pesect.obj
 0002:00006b40       .edata                     1001ab40     contextify.exp
 0002:00006b68       rgpv                       1001ab68     contextify.exp
 0002:00006b6c       rgszName                   1001ab6c     contextify.exp
 0002:00006b70       rgwOrd                     1001ab70     contextify.exp
 0002:00006b72       szName                     1001ab72     contextify.exp
 0002:00006b82       $N00001                    1001ab82     contextify.exp
 0002:00006e00       .idata$6                   1001ae00     kernel32:KERNEL32.dll
 0002:00007fe8       .idata$6                   1001bfe8     node:node.dll
 0002:000084b4       .idata$6                   1001c4b4     advapi32:ADVAPI32.dll
 0003:00000010       ?_Tlg_Microsoft_CRTProviderProv@@3U_TlgProvider_t@__vcrt_trace_logging_provider@@A 1001d010     libvcruntime:telemetry.obj
 0003:00000050       ?__vcrt_flsindex@@3KA      1001d050     libvcruntime:per_thread_data.obj
 0003:00000074       _errno_no_memory           1001d074     libucrt:errno.obj
 0003:00000078       _doserrno_no_memory        1001d078     libucrt:errno.obj
 0003:00000128       ___acrt_flsindex           1001d128     libucrt:per_thread_data.obj
 0003:000001f4       ___rgctypeflag             1001d1f4     libucrt:mbctype.obj
 0003:000001f8       ___rgcode_page_info        1001d1f8     libucrt:mbctype.obj
 0003:000007d0       __module                   1001d7d0     contextify.obj
 0003:00000878       ?module_local_atexit_table@@3U_onexit_table_t@@A 1001d878     LIBCMT:utility.obj
 0003:00000884       ?module_local_at_quick_exit_table@@3U_onexit_table_t@@A 1001d884     LIBCMT:utility.obj
 0003:00000890       ?is_initialized_as_dll@@3_NA 1001d890     LIBCMT:utility.obj
 0003:00000894       ?__proc_attached@@3HA      1001d894     LIBCMT:dll_dllmain.obj
 0003:00000898       _GS_ExceptionRecord        1001d898     LIBCMT:gs_report.obj
 0003:000008e8       _GS_ContextRecord          1001d8e8     LIBCMT:gs_report.obj
 0003:00000bd8       ?__vcrt_startup_thread_ptd@@3U__vcrt_ptd@@A 1001dbd8     libvcruntime:per_thread_data.obj
 0003:00000c00       ___vcrt_lock_table         1001dc00     libvcruntime:locks.obj
 0003:00000c18       ___vcrt_locks_initialized  1001dc18     libvcruntime:locks.obj
 0003:00000c1c       ?module_handles@@3PAPAUHINSTANCE__@@A 1001dc1c     libvcruntime:winapi_downlevel.obj
 0003:00000c2c       ?encoded_function_pointers@@3PAPAXA 1001dc2c     libvcruntime:winapi_downlevel.obj
 0003:00000c7c       ?heap@@3V_HeapManager@@A   1001dc7c     libvcruntime:undname.obj
 0003:00000c90       ___acrt_new_handler        1001dc90     libucrt:new_handler.obj
 0003:00000c94       _c_termination_complete    1001dc94     libucrt:exit.obj
 0003:00000c98       _thread_local_exit_callback_func 1001dc98     libucrt:exit.obj
 0003:00000c9c       ?c_exit_complete@?5??common_exit@@YAXHW4_crt_exit_cleanup_mode@@W4_crt_exit_return_mode@@@Z@4_NA 1001dc9c     libucrt:exit.obj
 0003:00000cc8       ___acrt_invalid_parameter_handler 1001dcc8     libucrt:invalid_parameter.obj
 0003:00000ccc       ___acrt_app_type           1001dccc     libucrt:report_runtime_error.obj
 0003:00000cd0       ___acrt_error_mode         1001dcd0     libucrt:set_error_mode.obj
 0003:00000ce0       _ctrlc_action              1001dce0     libucrt:signal.obj
 0003:00000ce4       _ctrlbreak_action          1001dce4     libucrt:signal.obj
 0003:00000ce8       _abort_action              1001dce8     libucrt:signal.obj
 0003:00000cec       _term_action               1001dcec     libucrt:signal.obj
 0003:00000cf8       ___acrt_lock_table         1001dcf8     libucrt:locks.obj
 0003:00000e30       ___acrt_locks_initialized  1001de30     libucrt:locks.obj
 0003:00000e38       _module_handles            1001de38     libucrt:winapi_thunks.obj
 0003:00000e88       _encoded_function_pointers 1001de88     libucrt:winapi_thunks.obj
 0003:00000f08       ?state_cache@?1??__acrt_is_packaged_app@@9@4JA 1001df08     libucrt:winapi_thunks.obj
 0003:00000f24       _fSystemSet                1001df24     libucrt:mbctype.obj
 0003:00000f28       ?initialized@?1??__acrt_initialize_multibyte@@9@4_NA 1001df28     libucrt:mbctype.obj
 0003:00001144       _user_matherr              1001e144     libucrt:matherr.obj
 0003:00001150       ___acrt_global_new_mode    1001e150     libucrt:new_mode.obj
 0003:00001154       _enable_percent_n          1001e154     libucrt:printf_count_output.obj
 0003:00001164       __pmatherr_set             1001e164     libucrt:libm_error.obj
 0004:00000060       $R000000                   1001f060     * linker generated manifest res *

 Exports

  ordinal    name

        1    __register_contextify_
               exported name: _register_contextify_
